AAACCTGAGCTTATCG
AAACCTGCACAACTGT
AAACCTGCACGGCTAC
AAACCTGCAGTTTACG
AAACCTGCATAGGATA
AAACCTGGTCCTCTTG
AAACCTGGTCTGCCAG
AAACGGGCAATCGAAA
AAACGGGCACAGCGTC
AAACGGGGTTACGGAG
AAAGATGAGAGACTAT
AAAGATGAGCGATCCC
AAAGATGAGCGTCTAT
AAAGATGAGTACGTTC
AAAGATGCAACACCCG
AAAGATGCAATGGAAT
AAAGATGCACCACCAG
AAAGATGCACGGTAAG
AAAGATGGTCGCATAT
AAAGATGGTCGCTTTC
AAAGATGTCACGGTTA
AAAGATGTCCCTCTTT
AAAGATGTCGAATCCA
AAAGCAAAGCCGCCTA
AAAGCAACAATCAGAA
AAAGCAACACGAAACG
AAAGCAACACTTCGAA
AAAGCAAGTATCACCA
AAAGCAAGTCTCCATC
AAAGCAAGTCTCTTAT
AAAGCAATCAGGATCT
AAAGTAGAGAGACGAA
AAAGTAGAGGCAATTA
AAAGTAGTCCCGACTT
AAAGTAGTCGTACGGC
AAATGCCAGACAGGCT
AAATGCCGTGCTAGCC
AAATGCCGTTTGACAC
AAATGCCTCCAGTAGT
AACACGTAGCCACGTC
AACACGTAGCCAGTTT
AACACGTCAGGTTTCA
AACACGTCATTCCTGC
AACACGTGTTCCACAA
AACACGTTCCTCATTA
AACCATGAGTGTTAGA
AACCATGCACATCCAA
AACCATGCATTGTGCA
AACCATGGTACCGTTA
AACCATGGTCCTGCTT
AACCATGGTGCTCTTC
AACCATGGTGCTGTAT
AACCATGGTGTCCTCT
AACCATGGTTTCGCTC
AACCATGTCCAAAGTC
AACCATGTCTTAGCCC
AACCGCGAGAGTCGGT
AACCGCGAGCACGCCT
AACCGCGAGCCACCTG
AACCGCGCAAGCGCTC
AACCGCGCAAGGGTCA
AACCGCGCACGAAGCA
AACCGCGCACGAGAGT
AACCGCGGTAATCACC
AACCGCGGTCAGCTAT
AACGTTGAGAAACGCC
AACGTTGCACCATGTA
AACGTTGCACGGTAAG
AACGTTGCATACGCTA
AACGTTGGTGTTAAGA
AACGTTGGTTATCACG
AACGTTGGTTTGCATG
AACGTTGTCGTTTATC
AACGTTGTCTCGTATT
AACTCAGCAAGTAATG
AACTCAGCAGGATTGG
AACTCAGGTTCCACTC
AACTCAGGTTCGAATC
AACTCAGTCACTATTC
AACTCAGTCGGATGGA
AACTCAGTCTACCAGA
AACTCAGTCTTCGGTC
AACTCCCCACGTCAGC
AACTCCCCAGTCGTGC
AACTCCCCATTACCTT
AACTCCCGTGACGGTA
AACTCCCGTTTCGCTC
AACTCCCTCAAGGTAA
AACTCCCTCAGTTAGC
AACTCTTAGTACGTTC
AACTCTTGTGAACCTT
AACTCTTTCCGGCACA
AACTCTTTCCTGCAGG
AACTCTTTCGTACCGG
AACTCTTTCTACCAGA
AACTGGTAGCTAGCCC
AACTGGTAGGCACATG
AACTGGTCAAGAGTCG
AACTGGTGTAAATGAC
AACTGGTGTACCGAGA
AACTGGTGTTCACGGC
AACTGGTTCTTACCTA
AACTTTCAGAACAATC
AACTTTCCACAAGACG
AACTTTCGTTTGGCGC
AACTTTCTCATGCATG
AAGACCTAGCGCCTTG
AAGACCTAGGACGAAA
AAGACCTAGGCAAAGA
AAGACCTAGGCTAGAC
AAGACCTAGGTGTTAA
AAGACCTCAAGTAATG
AAGACCTCATCAGTAC
AAGACCTGTATTCGTG
AAGACCTTCTTACCTA
AAGCCGCAGAATTCCC
AAGCCGCAGAGTCGGT
AAGCCGCAGATCTGCT
AAGCCGCAGGATATAC
AAGCCGCCATATGGTC
AAGCCGCGTGGTGTAG
AAGCCGCGTTACGTCA
AAGCCGCGTTTGTTGG
AAGGAGCAGAATCTCC
AAGGAGCAGAGGGATA
AAGGAGCAGTGAACAT
AAGGAGCCAAACGTGG
AAGGAGCCAGCTCGCA
AAGGAGCCAGGGCATA
AAGGAGCGTCCTGCTT
AAGGAGCGTTACGTCA
AAGGAGCGTTGCCTCT
AAGGAGCTCAGAGACG
AAGGAGCTCGAATCCA
AAGGAGCTCGAATGGG
AAGGAGCTCGCGATCG
AAGGAGCTCGTACGGC
AAGGCAGGTCTCAACA
AAGGCAGTCCTTTCTC
AAGGCAGTCGTGGGAA
AAGGCAGTCTACTCAT
AAGGCAGTCTGGAGCC
AAGGTTCCAATGGAGC
AAGGTTCCACCGATAT
AAGGTTCGTCTTGTCC
AAGGTTCTCAGCTTAG
AAGTCTGAGACAAGCC
AAGTCTGAGGCAAAGA
AAGTCTGCACAGATTC
AAGTCTGCACTTGGAT
AAGTCTGTCAGTACGT
AAGTCTGTCATGTAGC
AAGTCTGTCCGAGCCA
AAGTCTGTCTTATCTG
AATCCAGAGCGTAATA
AATCCAGGTCAACATC
AATCCAGGTGCCTGGT
AATCCAGGTTAAAGTG
AATCCAGTCGAACTGT
AATCGGTAGCCACGCT
AATCGGTAGGACACCA
AATCGGTCAGACAAAT
AATCGGTGTACAGCAG
AATCGGTTCCAGTATG
AATCGGTTCGTGGGAA
AATCGGTTCTGCTGCT
ACACCAAAGAGTTGGC
ACACCAAAGTAGCGGT
ACACCAACATCTATGG
ACACCAAGTAGTACCT
ACACCAAGTTATGTGC
ACACCAAGTTTCCACC
ACACCAATCTTGTATC
ACACCCTAGAGTAAGG
ACACCCTAGGAGTCTG
ACACCCTAGGTGATAT
ACACCCTAGTGTGGCA
ACACCCTAGTTGAGTA
ACACCCTCACACTGCG
ACACCCTCATGGGACA
ACACCCTGTTAAGATG
ACACCCTGTTCGCTAA
ACACCCTTCAGATAAG
ACACCCTTCTCCCTGA
ACACCGGAGATGGGTC
ACACCGGCAATCAGAA
ACACCGGCACGGTAAG
ACACCGGCACGTGAGA
ACACCGGCATCCTTGC
ACACCGGGTGTGACCC
ACACCGGTCCGAATGT
ACACCGGTCGGCGCAT
ACACCGGTCGTAGATC
ACACTGAAGATGGCGT
ACACTGAAGGCACATG
ACACTGAAGTGTACTC
ACACTGACACCCTATC
ACACTGACACGCTTTC
ACACTGATCATGGTCA
ACACTGATCGTACGGC
ACAGCCGCACATGGGA
ACAGCCGCATCAGTCA
ACAGCCGGTACAGTGG
ACAGCCGGTGTATGGG
ACAGCCGGTTATCCGA
ACAGCCGGTTCGCTAA
ACAGCCGGTTTGTTTC
ACAGCCGTCACGACTA
ACAGCCGTCCTTGGTC
ACAGCTACATTTGCCC
ACAGCTAGTATCGCAT
ACAGCTAGTCAAGCGA
ACAGCTAGTGGCCCTA
ACAGCTATCGCAAACT
ACATACGCAGCTGTGC
ACATACGGTCACCTAA
ACATACGGTCCGTTAA
ACATACGGTGGTTTCA
ACATACGGTTATCCGA
ACATACGGTTGAGGTG
ACATACGTCAATCACG
ACATCAGCAATACGCT
ACATCAGCACAAGTAA
ACATCAGCATACCATG
ACATCAGCATCCGGGT
ACATCAGGTAGGACAC
ACATCAGGTGACCAAG
ACATCAGGTTATGCGT
ACATGGTGTTCATGGT
ACATGGTTCAATAAGG
ACCAGTACAGGTCTCG
ACCAGTACATTGGTAC
ACCAGTAGTTTCGCTC
ACCAGTATCCAAAGTC
ACCCACTAGCCCAGCT
ACCCACTAGGAATGGA
ACCCACTCACGACTCG
ACCCACTGTGAGTGAC
ACCCACTGTGCGAAAC
ACCGTAAAGAAACCTA
ACCGTAAAGGCATGTG
ACCGTAAAGGCCCTTG
ACCGTAAAGTGCCATT
ACCGTAACAGACAAAT
ACCGTAATCCGATATG
ACCGTAATCGGCGCAT
ACCGTAATCTGTCTAT
ACCTTTAAGCATGGCA
ACCTTTAAGTATCGAA
ACCTTTACAGGTCTCG
ACCTTTACATTGCGGC
ACCTTTAGTCATGCAT
ACCTTTATCCGTCAAA
ACCTTTATCTGGTGTA
ACGAGCCAGACCTTTG
ACGAGCCAGCGGATCA
ACGAGCCCACTTGGAT
ACGAGCCCATTACCTT
ACGAGCCCATTTGCTT
ACGAGCCGTGATGTCT
ACGAGCCGTGCACGAA
ACGAGCCTCAAAGACA
ACGAGGAAGGTGACCA
ACGAGGAGTCCCTACT
ACGAGGATCGGTTAAC
ACGATACCATGAGCGA
ACGATGTAGCTATGCT
ACGATGTAGTCTCGGC
ACGATGTCAAAGAATC
ACGATGTCAACGCACC
ACGATGTCATCCTAGA
ACGCAGCAGACACTAA
ACGCAGCAGATGTAAC
ACGCAGCAGTTAGCGG
ACGCAGCGTGATAAAC
ACGCAGCTCGCTTGTC
ACGCCAGAGACGCACA
ACGCCAGAGGAGTAGA
ACGCCAGCATTTCACT
ACGCCAGGTAGAAAGG
ACGCCAGTCTTCGAGA
ACGCCAGTCTTGGGTA
ACGCCGAAGATTACCC
ACGCCGAAGCGATGAC
ACGCCGACACATAACC
ACGCCGACATTTGCCC
ACGCCGAGTAAATGAC
ACGCCGAGTCAAAGCG
ACGCCGAGTCTTTCAT
ACGCCGAGTGGTGTAG
ACGCCGATCGAGAGCA
ACGGAGAAGATACACA
ACGGAGATCCTCATTA
ACGGCCAAGCCTCGTG
ACGGCCAAGGACAGCT
ACGGCCAAGGACTGGT
ACGGCCAAGTTGTAGA
ACGGCCACACTTCGAA
ACGGCCACATGGAATA
ACGGCCACATTGGTAC
ACGGCCAGTAGCGATG
ACGGCCATCTTCAACT
ACGGGCTAGTTGAGTA
ACGGGCTCAGCGTCCA
ACGGGCTGTAAGCACG
ACGGGCTGTCTCGTTC
ACGGGCTGTTACGGAG
ACGGGTCCAACGATCT
ACGGGTCGTCTAACGT
ACGGGTCGTGGCTCCA
ACGGGTCGTTATCGGT
ACGGGTCTCGACCAGC
ACGGGTCTCTGCTTGC
ACGGGTCTCTTCCTTC
ACGTCAAAGTGGACGT
ACGTCAACATCCGCGA
ACGTCAAGTCTCCCTA
ACGTCAATCGTCCGTT
ACTATCTCATCGGTTA
ACTATCTGTTCGTGAT
ACTATCTGTTCTGGTA
ACTATCTTCACAGGCC
ACTATCTTCTTGACGA
ACTGAACAGCGTGAGT
ACTGAACCAAAGGAAG
ACTGAACCAAGGTTTC
ACTGAGTCAAGGTTTC
ACTGAGTGTACCGTTA
ACTGAGTGTATCTGCA
ACTGAGTTCAATCTCT
ACTGAGTTCATCTGTT
ACTGAGTTCTTACCTA
ACTGATGAGCCCGAAA
ACTGATGAGCGTCAAG
ACTGATGAGGATTCGG
ACTGATGCATACAGCT
ACTGATGCATAGACTC
ACTGATGGTAGCGTAG
ACTGATGGTCAGGACA
ACTGATGGTCCGTCAG
ACTGATGGTCTCTCGT
ACTGATGGTGTGACGA
ACTGATGGTTAAGGGC
ACTGATGTCTTACCTA
ACTGCTCCAGACGCTC
ACTGCTCCATGTAGTC
ACTGCTCTCACAGTAC
ACTGTCCAGGGCTTCC
ACTGTCCCAAGCCGTC
ACTGTCCCACATGTGT
ACTGTCCCACCAGGCT
ACTGTCCCATTCTTAC
ACTGTCCGTTGGTGGA
ACTTACTAGTGTACGG
ACTTACTCACCTTGTC
ACTTACTCATGCTGGC
ACTTACTGTCAGCTAT
ACTTACTGTGCTTCTC
ACTTACTTCATAAAGG
ACTTACTTCCTAAGTG
ACTTGTTAGTCCCACG
ACTTGTTAGTGAACAT
ACTTGTTAGTGTCCCG
ACTTGTTCAGAGCCAA
ACTTGTTCAGGATCGA
ACTTGTTCAGTTTACG
ACTTGTTGTAGCCTAT
ACTTGTTTCAGCCTAA
ACTTGTTTCTAGAGTC
ACTTTCAAGCTACCTA
ACTTTCAAGGTCGGAT
ACTTTCAAGTGCTGCC
ACTTTCACAAACTGCT
ACTTTCACACCTCGGA
ACTTTCACATACCATG
ACTTTCAGTGTGCCTG
ACTTTCAGTTTACTCT
ACTTTCATCCGCGGTA
ACTTTCATCCTGTACC
AGAATAGAGCCAGAAC
AGAATAGAGTAGCGGT
AGAATAGCACGTCAGC
AGAATAGCATCTACGA
AGAATAGGTAAAGGAG
AGAATAGGTTACGTCA
AGACGTTGTCATATGC
AGACGTTTCAGAGGTG
AGACGTTTCATTCACT
AGACGTTTCCTGCCAT
AGACGTTTCGCAAACT
AGAGCGAAGAAACCGC
AGAGCGAAGCACAGGT
AGAGCGAAGCCTTGAT
AGAGCGACACATTAGC
AGAGCGACAGCGTAAG
AGAGCGATCGTTTGCC
AGAGCTTAGCTCTCGG
AGAGCTTCAGCTCGAC
AGAGCTTGTCCTCCAT
AGAGTGGAGCCCAACC
AGAGTGGAGCGCCTCA
AGAGTGGAGTCACGCC
AGAGTGGCAAGCCATT
AGAGTGGCAGGTTTCA
AGAGTGGCATGGTCTA
AGAGTGGGTATAGGGC
AGAGTGGTCAGGCGAA
AGAGTGGTCATAAAGG
AGATCTGAGACCGGAT
AGATCTGAGAGTACAT
AGATCTGAGCTGATAA
AGATCTGCACGTCAGC
AGATCTGCAGCTCGCA
AGATCTGGTCGAGATG
AGATCTGTCGGATGTT
AGATTGCCAGAGTGTG
AGATTGCCAGCTGCTG
AGATTGCGTAATTGGA
AGATTGCGTCATCCCT
AGATTGCGTCTCGTTC
AGATTGCTCGAACTGT
AGCAGCCCACCGAATT
AGCAGCCCAGCCACCA
AGCAGCCCATATACCG
AGCAGCCGTATCAGTC
AGCAGCCGTTATCGGT
AGCAGCCTCCAAATGC
AGCAGCCTCCTGCTTG
AGCATACCAGGGCATA
AGCATACGTGGCAAAC
AGCATACTCCGCGCAA
AGCATACTCCTTAATC
AGCATACTCGGCTTGG
AGCATACTCTCGCATC
AGCCTAAAGTAGCGGT
AGCCTAACACCAGGCT
AGCCTAACAGAAGCAC
AGCCTAACAGAGTGTG
AGCCTAACAGGATCGA
AGCCTAACATGAAGTA
AGCCTAAGTCATGCCG
AGCCTAAGTGCATCTA
AGCCTAAGTTTACTCT
AGCCTAATCAGAGACG
AGCCTAATCGAGAGCA
AGCCTAATCTATGTGG
AGCCTAATCTCTGAGA
AGCGGTCAGTCCTCCT
AGCGGTCCAAGTTAAG
AGCGGTCCACGACGAA
AGCGGTCGTGCGATAG
AGCGGTCTCACAGTAC
AGCGGTCTCATGGTCA
AGCGTATAGAGGTAGA
AGCGTATAGAGTCTGG
AGCGTATAGGGTCTCC
AGCGTATAGTCTCAAC
AGCGTATCAATCTACG
AGCGTATCATGCAACT
AGCGTATGTACTTCTT
AGCGTATTCGAATGCT
AGCGTATTCTGATTCT
AGCGTCGCATGCTAGT
AGCGTCGGTCTTCAAG
AGCTCCTAGGGAAACA
AGCTCCTCAGGATTGG
AGCTCCTCATGGGAAC
AGCTCCTGTAGCTAAA
AGCTCTCAGATAGTCA
AGCTCTCAGCCCGAAA
AGCTCTCAGGAATCGC
AGCTCTCCACCTTGTC
AGCTCTCCACGTAAGG
AGCTCTCCAGTGACAG
AGCTCTCCATCAGTCA
AGCTCTCGTAAGTTCC
AGCTCTCGTAGAGCTG
AGCTCTCGTATAGGGC
AGCTCTCGTATCACCA
AGCTTGAGTAGGACAC
AGCTTGAGTGTCTGAT
AGCTTGATCCAGAGGA
AGCTTGATCTAACTTC
AGGCCACAGTAAGTAC
AGGCCACAGTACGACG
AGGCCACAGTCTCCTC
AGGCCACGTCCCGACA
AGGCCACTCATGCAAC
AGGCCGTAGAACTGTA
AGGCCGTCACTGTCGG
AGGCCGTGTCAAACTC
AGGCCGTGTTGCTCCT
AGGGAGTAGGACACCA
AGGGAGTAGGTTACCT
AGGGAGTCACAGGTTT
AGGGAGTCAGTAGAGC
AGGGAGTGTAACGTTC
AGGGAGTGTGGCTCCA
AGGGAGTGTGTTCTTT
AGGGAGTTCTCTGCTG
AGGGATGAGCAGACTG
AGGGATGAGCGATATA
AGGGATGCAGCTCGCA
AGGGATGGTCCGTGAC
AGGGATGTCTTTACGT
AGGGTGAAGATATACG
AGGGTGAAGATCTGAA
AGGGTGAAGTCAATAG
AGGGTGACACATGACT
AGGGTGACATCATCCC
AGGGTGAGTAGTGAAT
AGGTCATAGCCAGGAT
AGGTCATCAAAGAATC
AGGTCATCAACTTGAC
AGGTCATCAGCCTGTG
AGGTCATCAGGACGTA
AGGTCATGTCACACGC
AGGTCATTCCAAGCCG
AGGTCATTCTATGTGG
AGGTCCGAGCGAAGGG
AGGTCCGAGTGGAGAA
AGGTCCGCAGCCTTGG
AGGTCCGCATTCTTAC
AGGTCCGGTCCTGCTT
AGGTCCGGTCGTGGCT
AGGTCCGTCCGATATG
AGGTCCGTCTGCGTAA
AGTAGTCAGGCACATG
AGTAGTCGTAATTGGA
AGTAGTCGTCTCTTAT
AGTAGTCGTGTGACGA
AGTAGTCTCTGTCTCG
AGTCTTTAGCCCAACC
AGTCTTTAGGAGTCTG
AGTCTTTAGTCATCCA
AGTCTTTCAATCTGCA
AGTCTTTCACCCATGG
AGTCTTTTCCACTCCA
AGTCTTTTCTGCGACG
AGTGAGGAGCCGCCTA
AGTGAGGAGTCTCAAC
AGTGAGGAGTTGTCGT
AGTGAGGCAATCCAAC
AGTGAGGCACGAAATA
AGTGAGGCAGTTTACG
AGTGAGGGTGAAGGCT
AGTGAGGTCATTGCGA
AGTGTCAAGCCTTGAT
AGTGTCAAGTCCTCCT
AGTGTCAAGTGACTCT
AGTGTCAGTAAGAGAG
AGTGTCAGTCCATCCT
AGTGTCAGTGTGCGTC
AGTGTCAGTTCGCTAA
AGTTGGTAGGCATTGG
AGTTGGTCAGGGATTG
AGTTGGTCATGATCCA
AGTTGGTTCTCGAGTA
ATAACGCAGACGCACA
ATAACGCAGATCTGAA
ATAACGCCACACATGT
ATAACGCCAGCCAGAA
ATAACGCCAGGCAGTA
ATAACGCCATTAGCCA
ATAACGCTCTGGGCCA
ATAAGAGAGCAGGCTA
ATAAGAGAGGATCGCA
ATAAGAGGTAGAAAGG
ATAAGAGGTCCTCTTG
ATAAGAGGTGTGCGTC
ATAGACCCACCCATTC
ATAGACCGTACCATCA
ATAGACCGTCCTAGCG
ATCACGAAGAGCTTCT
ATCACGAAGCCACGCT
ATCACGAAGGTGACCA
ATCACGACACCGGAAA
ATCACGACACTGAAGG
ATCACGACAGTTCCCT
ATCACGAGTAGCGTGA
ATCACGATCGCAGGCT
ATCATCTAGAAGGGTA
ATCATCTCATGAACCT
ATCATCTGTAGTAGTA
ATCATCTGTGTGAAAT
ATCATCTGTTGGTAAA
ATCATCTTCAGTACGT
ATCATCTTCCACTCCA
ATCATCTTCGAGAACG
ATCATGGAGGCCCTCA
ATCATGGAGGCGACAT
ATCATGGGTCATATCG
ATCATGGGTCCAGTAT
ATCATGGTCCACGTGG
ATCCACCAGCTACCGC
ATCCACCAGGCCGAAT
ATCCACCGTGTGAAAT
ATCCACCTCAGAGGTG
ATCCACCTCTCGTTTA
ATCCACCTCTTAGAGC
ATCCGAACAATCCGAT
ATCCGAACAATTCCTT
ATCCGAACACGGATAG
ATCCGAACACGGCCAT
ATCCGAAGTTGGAGGT
ATCCGAATCTTGTTTG
ATCGAGTAGTACATGA
ATCGAGTAGTGACATA
ATCGAGTCAAACTGTC
ATCGAGTCAACTGCGC
ATCGAGTCACAGGTTT
ATCGAGTCATGCAACT
ATCGAGTGTTAAAGAC
ATCGAGTGTTGTCTTT
ATCGAGTTCAACGAAA
ATCTACTAGAATGTGT
ATCTACTCACCACGTG
ATCTACTCACTTACGA
ATCTACTCAGGACGTA
ATCTACTCATAAGACA
ATCTACTCATTCCTGC
ATCTACTGTATCGCAT
ATCTACTGTCAAAGAT
ATCTACTGTGCCTGGT
ATCTACTTCTGCTGCT
ATCTGCCAGATCGATA
ATCTGCCAGCCACGCT
ATCTGCCAGCTAGTGG
ATCTGCCAGCTTCGCG
ATCTGCCAGTCATGCT
ATCTGCCCAGCCACCA
ATCTGCCCAGGACGTA
ATCTGCCGTAGCGTCC
ATCTGCCGTCCGCTGA
ATCTGCCGTGTTCGAT
ATCTGCCTCAGGTTCA
ATCTGCCTCCTTTCGG
ATGAGGGAGGTGATAT
ATGAGGGGTCATTAGC
ATGAGGGGTGTTTGTG
ATGAGGGGTTGCGCAC
ATGAGGGTCAACCATG
ATGAGGGTCGATGAGG
ATGAGGGTCTGTTTGT
ATGCGATAGGCAGTCA
ATGCGATAGGGTGTGT
ATGCGATAGGTACTCT
ATGCGATAGTCAATAG
ATGCGATCAGCGTTCG
ATGCGATGTCTAGGTT
ATGCGATGTTAAGACA
ATGGGAGAGCCACCTG
ATGGGAGAGCGTTGCC
ATGGGAGGTGCAACTT
ATGGGAGGTGGTCCGT
ATGTGTGAGAAACCTA
ATGTGTGAGATGAGAG
ATGTGTGAGGATGGTC
ATGTGTGCACCTGGTG
ATGTGTGCACGTTGGC
ATGTGTGGTACCGCTG
ATGTGTGTCCTTTCTC
ATGTGTGTCGGTGTTA
ATTACTCAGAATCTCC
ATTACTCCATCACGTA
ATTACTCGTCTTCGTC
ATTACTCGTGTTGGGA
ATTACTCGTTCGTTGA
ATTATCCAGGTGTTAA
ATTATCCAGTTATCGC
ATTATCCGTGAGGCTA
ATTCTACGTTCCTCCA
ATTCTACGTTTCGCTC
ATTCTACTCGGCGGTT
ATTGGACAGTATGACA
ATTGGACCACTTCGAA
ATTGGACCAGTAAGAT
ATTGGACCATTGAGCT
ATTGGACTCGTATCAG
ATTGGACTCGTTGCCT
ATTGGACTCGTTTGCC
ATTGGTGAGATGAGAG
ATTGGTGAGCTACCGC
ATTGGTGCACGCATCG
ATTGGTGCACGCCAGT
ATTGGTGGTATGAATG
ATTGGTGTCAGGCCCA
ATTTCTGAGATCGATA
ATTTCTGCAATGAAAC
ATTTCTGCACGAGAGT
ATTTCTGCAGACGCAA
CAACCAAAGAGTACAT
CAACCAAAGTGTTAGA
CAACCAACACATAACC
CAACCAACAGGATCGA
CAACCAAGTGGAAAGA
CAACCAAGTTAAAGTG
CAACCTCAGATATACG
CAACCTCAGATGCGAC
CAACCTCAGTCTCCTC
CAACCTCCACCACGTG
CAACTAGTCAAACCAC
CAACTAGTCGTAGGAG
CAAGAAAAGATATGGT
CAAGAAAAGTGCTGCC
CAAGAAACAACACCTA
CAAGAAACAAGTTGTC
CAAGAAACAGCGATCC
CAAGAAAGTCGCATCG
CAAGAAAGTTTGACAC
CAAGAAATCAGGTAAA
CAAGAAATCCGAACGC
CAAGAAATCGACCAGC
CAAGATCAGATCTGAA
CAAGATCAGGAATTAC
CAAGATCCATAAGACA
CAAGATCTCCAAGCCG
CAAGGCCAGGGTCTCC
CAAGGCCAGTAGATGT
CAAGGCCCACCAGGTC
CAAGGCCCAGTCGATT
CAAGGCCGTACCGGCT
CAAGTTGCAAAGGTGC
CAAGTTGCACCGTTGG
CAAGTTGCATTGGTAC
CAAGTTGTCGTTTAGG
CACAAACAGACTTGAA
CACAAACCAAGGCTCC
CACAAACCAGTCACTA
CACAAACCATAAAGGT
CACAAACGTAACGACG
CACAAACGTACCCAAT
CACAAACTCATAGCAC
CACACAAAGAATTGTG
CACACAAAGGGAGTAA
CACACAAGTAAATACG
CACACAAGTCGCGTGT
CACACAAGTTCCACTC
CACACAAGTTGTCTTT
CACACAATCTTTACAC
CACACCTAGGTAAACT
CACACCTGTACAGACG
CACACCTGTATGGTTC
CACACCTGTGTGAATA
CACACCTGTTGGACCC
CACACCTTCCACGACG
CACACTCTCCACGCAG
CACACTCTCCTTAATC
CACACTCTCGCGCCAA
CACAGGCAGAATGTGT
CACAGGCAGCCACGCT
CACAGGCAGGACAGCT
CACAGGCAGGGCTTGA
CACAGGCAGTGAACGC
CACAGGCAGTGCAAGC
CACAGGCAGTTCGCAT
CACAGGCCAAAGGAAG
CACAGGCCACCTCGGA
CACAGGCCACGTCTCT
CACAGGCCATGCTAGT
CACAGGCCATTGTGCA
CACAGGCGTCCAAGTT
CACAGGCTCTATGTGG
CACAGTAAGTTTAGGA
CACAGTAGTGAGCGAT
CACAGTAGTGTGAAAT
CACAGTATCATTCACT
CACAGTATCCTCAATT
CACATAGAGCCTCGTG
CACATAGTCAGGCGAA
CACATAGTCCTATTCA
CACATAGTCCTGTACC
CACATAGTCGCGCCAA
CACATAGTCGTCTGAA
CACATTTAGCGTTTAC
CACATTTAGTCAAGCG
CACATTTCAGCTCGAC
CACATTTCAGCTTAAC
CACATTTCAGTCACTA
CACATTTTCGTCACGG
CACATTTTCTCCAGGG
CACCACTAGAAACCGC
CACCACTAGGAGCGAG
CACCACTAGTAATCCC
CACCACTCAGCGATCC
CACCACTGTAAACACA
CACCACTTCTTACCTA
CACCAGGCACGGCGTT
CACCAGGCATGCCCGA
CACCAGGCATTCACTT
CACCAGGGTGCATCTA
CACCAGGTCGGAATCT
CACCTTGGTAGGCATG
CACCTTGGTAGTAGTA
CACCTTGGTGTCAATC
CACCTTGTCAATCTCT
CACCTTGTCCGCAGTG
CACCTTGTCCTAAGTG
CACCTTGTCTAACGGT
CACCTTGTCTGATACG
CACTCCAAGGTGTTAA
CACTCCAAGTTATCGC
CACTCCACAATGGTCT
CACTCCAGTAAATGAC
CAGAATCAGAAGATTC
CAGAATCAGCAATATG
CAGAATCAGCGATTCT
CAGAATCAGGAATTAC
CAGAATCCATGTCCTC
CAGAGAGCATACGCTA
CAGAGAGCATTTGCTT
CAGAGAGGTCCATGAT
CAGAGAGGTCTTGATG
CAGAGAGGTTACTGAC
CAGAGAGTCCCATTAT
CAGAGAGTCTCTTGAT
CAGATCAAGATGCCTT
CAGATCAAGTCGTTTG
CAGATCAAGTCTTGCA
CAGATCACAACGCACC
CAGATCACATAGACTC
CAGATCAGTGTCCTCT
CAGATCAGTTGCGCAC
CAGATCATCCTCAATT
CAGATCATCGCATGGC
CAGATCATCGTCTGAA
CAGCAGCAGACACTAA
CAGCAGCAGCGTGTCC
CAGCAGCAGCTGCGAA
CAGCAGCAGCTGGAAC
CAGCAGCCACCGTTGG
CAGCAGCCAGCTTCGG
CAGCAGCGTACTTAGC
CAGCAGCGTGTCGCTG
CAGCAGCTCAGTCCCT
CAGCAGCTCATCACCC
CAGCAGCTCCGTAGGC
CAGCATACACGTGAGA
CAGCATACATATACGC
CAGCATACATTAACCG
CAGCATATCCAGGGCT
CAGCCGAAGAGAGCTC
CAGCCGAAGATCGGGT
CAGCCGAAGTACACCT
CAGCCGAGTGATAAAC
CAGCCGAGTGCTGTAT
CAGCCGATCGAATGCT
CAGCCGATCTTGCAAG
CAGCGACCAGGCAGTA
CAGCGACCATAAAGGT
CAGCGACGTAATTGGA
CAGCGACGTTAGATGA
CAGCGACTCGCAAGCC
CAGCTAACACATGGGA
CAGCTAACATCGGACC
CAGCTAAGTGCCTGGT
CAGCTAATCACCACCT
CAGCTGGAGTAGCCGA
CAGCTGGCAAAGGTGC
CAGCTGGGTTCGCGAC
CAGCTGGTCATAAAGG
CAGCTGGTCGTATCAG
CAGCTGGTCTAACTGG
CAGGTGCAGGATCGCA
CAGGTGCAGTGCCAGA
CAGGTGCGTATATCCG
CAGGTGCGTCCCTTGT
CAGGTGCTCAGCTCGG
CAGGTGCTCCGTAGTA
CAGTAACAGTGTGAAT
CAGTAACTCATCGGAT
CAGTAACTCCGCTGTT
CAGTCCTAGATGAGAG
CAGTCCTAGGCCCTTG
CAGTCCTCATATACCG
CAGTCCTTCAAGGCTT
CAGTCCTTCAGTCAGT
CAGTCCTTCAGTTAGC
CATATGGAGTACATGA
CATATGGAGTGGTAGC
CATATGGCACTATCTT
CATATGGGTCATTAGC
CATATGGGTTCCTCCA
CATATGGTCACCGGGT
CATATGGTCGGAAACG
CATATTCAGGTGATAT
CATATTCAGTGTTGAA
CATATTCCATGCAACT
CATCAAGAGGCATTGG
CATCAAGAGTCTCAAC
CATCAAGAGTGGTAAT
CATCAAGCACCAACCG
CATCAAGCAGCATACT
CATCAAGCAGCTATTG
CATCAAGCAGTATGCT
CATCAAGGTTCGCGAC
CATCAGAGTACTTGAC
CATCAGAGTGCTTCTC
CATCAGAGTGTTCGAT
CATCAGATCCAAAGTC
CATCAGATCCTCAACC
CATCCACAGAGTAATC
CATCCACAGGACAGAA
CATCCACAGGGATCTG
CATCCACAGTAAGTAC
CATCCACAGTCCATAC
CATCCACGTCTCCCTA
CATCCACTCAGCACAT
CATCCACTCATACGGT
CATCGAAAGATGAGAG
CATCGAAGTCTAGCGC
CATCGAATCACGACTA
CATCGAATCCCATTTA
CATCGAATCTCGCATC
CATCGGGAGGTTACCT
CATCGGGCATGTCCTC
CATCGGGGTGCCTGCA
CATCGGGTCAGAGCTT
CATCGGGTCGCGGATC
CATCGGGTCTCGTTTA
CATCGGGTCTGATTCT
CATGACAAGGATGCGT
CATGACAAGTGGCACA
CATGACACAAGCCTAT
CATGACACAATCACAC
CATGACACAGAGCCAA
CATGACACAGCTCGCA
CATGACAGTGGTACAG
CATGACAGTTAAGACA
CATGACATCTGCGGCA
CATGCCTAGCCAGGAT
CATGCCTAGTATCTCG
CATGCCTGTCACACGC
CATGCCTGTTATCGGT
CATGCCTTCTATCGCC
CATGCCTTCTTGCCGT
CATGGCGCAATTGCTG
CATGGCGCATGCATGT
CATGGCGGTCGGATCC
CATGGCGGTGTAACGG
CATGGCGTCATAAAGG
CATGGCGTCATCGATG
CATTATCGTCTAAACC
CATTCGCAGCTAAGAT
CATTCGCCAAGAGTCG
CATTCGCCACTCAGGC
CATTCGCGTGTATGGG
CATTCGCTCTAGAGTC
CCAATCCAGCCTATGT
CCAATCCGTAAGTTCC
CCAATCCGTATCGCAT
CCAATCCGTGTTGGGA
CCAATCCGTTAGAACA
CCAATCCTCACGGTTA
CCAATCCTCAGAAATG
CCAATCCTCCTCATTA
CCAATCCTCTACTTAC
CCAATCCTCTTACCGC
CCACCTAAGATACACA
CCACCTAGTATGGTTC
CCACCTAGTGCCTGTG
CCACGGAAGATCTGCT
CCACGGACAGCCACCA
CCACGGACAGTATCTG
CCACGGACATCTACGA
CCACGGATCGGAGGTA
CCACTACAGCTAGTCT
CCACTACAGGTCGGAT
CCACTACAGTCCGTAT
CCACTACCAGGTCGTC
CCACTACCAGTAGAGC
CCACTACCATAAGACA
CCACTACGTTCCATGA
CCACTACGTTTGCATG
CCACTACTCATCATTC
CCAGCGAAGACTAGGC
CCAGCGAAGAGGGATA
CCAGCGAAGTACGCGA
CCAGCGAAGTGCAAGC
CCAGCGAAGTTGCAGG
CCAGCGACAACCGCCA
CCAGCGACAATCCGAT
CCAGCGACAGGAATCG
CCAGCGAGTTTAGGAA
CCAGCGATCATCGCTC
CCAGCGATCCACTGGG
CCAGCGATCTCAAACG
CCAGCGATCTCCAGGG
CCATGTCAGAATAGGG
CCATGTCGTCCGAGTC
CCATGTCGTCTGCCAG
CCATGTCGTCTTCAAG
CCATGTCTCTCTAAGG
CCATGTCTCTGAGTGT
CCATTCGAGCTGCGAA
CCATTCGCAAACAACA
CCATTCGCAGGAATGC
CCATTCGCAGTCGATT
CCATTCGCATCCTAGA
CCATTCGCATGTCGAT
CCATTCGGTCCTCTTG
CCATTCGTCAGGTTCA
CCATTCGTCCGAGCCA
CCATTCGTCCGCGGTA
CCATTCGTCTCCGGTT
CCCAATCAGACTAAGT
CCCAATCAGCGTCTAT
CCCAATCCAGGGTTAG
CCCAATCCATTGAGCT
CCCAATCGTCAGATAA
CCCAATCGTCGTGGCT
CCCAATCTCCATGAAC
CCCAATCTCGTTTAGG
CCCAGTTAGGAACTGC
CCCAGTTAGGGTTCCC
CCCAGTTAGTTAACGA
CCCAGTTCAAACCTAC
CCCAGTTCATCCTAGA
CCCAGTTGTCTTCAAG
CCCAGTTGTGTCGCTG
CCCAGTTGTTTGGCGC
CCCAGTTTCATGCTCC
CCCATACGTCGAGTTT
CCCATACTCTGAAAGA
CCCTCCTAGACCTAGG
CCCTCCTAGACTCGGA
CCCTCCTAGCGTGAGT
CCCTCCTCACCGAATT
CCCTCCTGTACTCAAC
CCCTCCTGTCCCTACT
CCCTCCTGTCTCTCGT
CCCTCCTTCACCCGAG
CCCTCCTTCTATCCCG
CCCTCCTTCTTCCTTC
CCGGGATGTTGAACTC
CCGGGATTCAACGCTA
CCGGGATTCCACGCAG
CCGGGATTCGGAGCAA
CCGGTAGAGATCCCAT
CCGGTAGAGGGTGTTG
CCGGTAGCAAATCCGT
CCGGTAGGTATAGTAG
CCGGTAGGTCCGTTAA
CCGGTAGGTCGACTGC
CCGGTAGGTGTGCGTC
CCGGTAGTCTGCGGCA
CCGGTAGTCTTCGAGA
CCGTACTCAAGTCTGT
CCGTACTGTACAAGTA
CCGTACTGTCATGCAT
CCGTGGAAGGTACTCT
CCGTGGAAGTGTGAAT
CCGTGGAGTTTGTTGG
CCGTGGATCCTGTAGA
CCGTTCAAGATATGCA
CCGTTCACAATGGATA
CCGTTCAGTACCTACA
CCGTTCATCAGCACAT
CCGTTCATCATACGGT
CCTAAAGAGTTCGCAT
CCTAAAGCAGGATTGG
CCTAAAGGTAAACACA
CCTAAAGGTGATAAAC
CCTAAAGGTGGTGTAG
CCTAAAGTCATAACCG
CCTAAAGTCTGTCAAG
CCTACACGTGACCAAG
CCTACACGTTACGGAG
CCTACCACAAGTAATG
CCTACCACAATGGAAT
CCTACCATCAGGTAAA
CCTACCATCATTGCGA
CCTACCATCTGCTTGC
CCTAGCTCAGGTTTCA
CCTAGCTCATTGGGCC
CCTAGCTGTAATCGTC
CCTAGCTTCATGGTCA
CCTAGCTTCGCCTGAG
CCTATTAAGGGTCGAT
CCTATTACATGAAGTA
CCTATTACATTTCACT
CCTATTAGTACTCTCC
CCTATTAGTGCGCTTG
CCTATTAGTGGTCCGT
CCTATTAGTTGAGTTC
CCTATTATCTAACGGT
CCTCAGTAGCGCTCCA
CCTCAGTAGTATGACA
CCTCAGTAGTCCGTAT
CCTCAGTAGTGAAGTT
CCTCAGTGTCTAGGTT
CCTCAGTGTCTCACCT
CCTCAGTGTGGACGAT
CCTCAGTGTTATGCGT
CCTCAGTTCACCCGAG
CCTCAGTTCCTGTAGA
CCTCAGTTCCTTTCGG
CCTCAGTTCTACTATC
CCTCTGAAGACAATAC
CCTCTGAAGTCTTGCA
CCTCTGACAACACCTA
CCTCTGACAATAAGCA
CCTCTGACATCAGTAC
CCTCTGATCTCTAGGA
CCTTACGAGGCAGTCA
CCTTACGAGGTCATCT
CCTTACGAGTACGTAA
CCTTACGCAATAGCAA
CCTTACGCATACAGCT
CCTTACGCATCTCCCA
CCTTACGCATTCTCAT
CCTTACGGTAGCCTCG
CCTTACGGTCTGGAGA
CCTTACGGTGCATCTA
CCTTACGTCTGTTGAG
CCTTACGTCTTAGAGC
CCTTCCCCACGGACAA
CCTTCCCGTCGAATCT
CCTTCCCGTTCGAATC
CCTTCCCGTTTCCACC
CCTTCCCTCAACGGCC
CCTTCCCTCCTCGCAT
CCTTCCCTCTTCGAGA
CCTTCGAAGTCAATAG
CCTTCGAAGTGGTAGC
CCTTCGAAGTGTACGG
CCTTCGACACCCATGG
CCTTCGAGTCCGTTAA
CCTTCGAGTGTAAGTA
CCTTCGAGTTTGTTGG
CCTTCGATCAAGCCTA
CCTTCGATCGGAAATA
CCTTCGATCGTACGGC
CCTTTCTAGAGTCTGG
CCTTTCTAGATGTTAG
CCTTTCTAGGCATTGG
CCTTTCTCATGAACCT
CCTTTCTGTAAGGATT
CCTTTCTTCGCTTGTC
CGAACATAGACAATAC
CGAACATAGGCCCGTT
CGAACATTCACTTACT
CGAACATTCCACTGGG
CGAACATTCCGCATCT
CGAATGTAGATAGCAT
CGAATGTCAACTGCGC
CGAATGTGTAACGACG
CGAATGTGTAGCTTGT
CGAATGTGTCAATACC
CGAATGTGTTCCACAA
CGAATGTGTTCTCATT
CGACCTTAGGTGCACA
CGACCTTCACACGCTG
CGACCTTGTTAAGTAG
CGACCTTTCTACTCAT
CGACTTCAGGTCATCT
CGACTTCCACATTTCT
CGACTTCCAGACGTAG
CGACTTCGTACCGAGA
CGACTTCGTTTGACAC
CGACTTCTCAATACCG
CGAGAAGAGCCACGTC
CGAGAAGAGGGTGTTG
CGAGAAGCATGCAATC
CGAGAAGGTAAACACA
CGAGAAGGTAGCGCAA
CGAGAAGGTCGCGAAA
CGAGCACAGACCGGAT
CGAGCACAGCGTGAAC
CGAGCACAGGAATTAC
CGAGCACAGGTACTCT
CGAGCACGTCAGAATA
CGAGCACTCCTTGGTC
CGAGCCAAGAAGAAGC
CGAGCCAAGCTAACTC
CGAGCCAAGTGAAGAG
CGAGCCACATCCCACT
CGAGCCAGTATTCGTG
CGAGCCAGTCCGTGAC
CGAGCCAGTTTGACAC
CGAGCCATCCGGGTGT
CGAGCCATCTCAACTT
CGATCGGAGAGGTACC
CGATCGGAGCAGCCTC
CGATCGGCAAGTCTAC
CGATCGGCACGCATCG
CGATCGGGTACCTACA
CGATCGGTCACCACCT
CGATGGCAGGGTCGAT
CGATGGCGTTACGACT
CGATGTAAGAGGGCTT
CGATGTAAGCGATGAC
CGATGTAAGGGCTTGA
CGATGTACAAGCCTAT
CGATGTACACCAACCG
CGATGTACACCGAATT
CGATGTACACGACTCG
CGATGTAGTCGCGAAA
CGATGTAGTGTGCGTC
CGATTGACAAACGCGA
CGATTGACACCATGTA
CGATTGACACTGTCGG
CGATTGAGTGCAACGA
CGATTGATCACGATGT
CGATTGATCTGATTCT
CGCCAAGAGCCTATGT
CGCCAAGCACAGGTTT
CGCCAAGCACTACAGT
CGCCAAGCAGATCGGA
CGCCAAGGTATGAAAC
CGCCAAGGTGACTACT
CGCCAAGGTTGATTCG
CGCCAAGTCCGATATG
CGCGGTAAGAGATGAG
CGCGGTAAGTAGGTGC
CGCGGTACAACGATGG
CGCGGTACAGCCTTGG
CGCGGTAGTTCCGTCT
CGCGGTATCCAGAGGA
CGCGGTATCCGCGTTT
CGCGGTATCTTCTGGC
CGCGTTTAGTCTTGCA
CGCGTTTCAGACAAGC
CGCGTTTCAGCTCGAC
CGCGTTTGTAAACCTC
CGCGTTTGTCTGCAAT
CGCTATCAGACTAGAT
CGCTATCCAACACGCC
CGCTATCCACAGATTC
CGCTATCGTATATGAG
CGCTATCGTCACTGGC
CGCTATCGTCTGGAGA
CGCTATCTCCGATATG
CGCTGGAAGCCGATTT
CGCTGGAAGGTGACCA
CGCTGGACACCCATGG
CGCTGGACATGTAAGA
CGCTGGAGTAGCGCTC
CGCTGGAGTTCGGCAC
CGCTGGATCTTCGAGA
CGCTTCAAGAAGATTC
CGCTTCACAAGTTCTG
CGCTTCACAGATCTGT
CGCTTCAGTCACACGC
CGCTTCAGTCATCCCT
CGCTTCAGTGCAACTT
CGGACACAGCTTCGCG
CGGACACAGTACGTTC
CGGACACAGTCGTACT
CGGACACAGTTGAGTA
CGGACACGTGCAGGTA
CGGACACTCACCAGGC
CGGACGTAGACTCGGA
CGGACGTAGCGTTTAC
CGGACGTCATTCGACA
CGGACTGCAGTATGCT
CGGACTGCATGGATGG
CGGACTGGTAGCAAAT
CGGACTGGTCGCGTGT
CGGACTGTCCGCAAGC
CGGACTGTCGCCGTGA
CGGACTGTCTGCTGCT
CGGAGCTAGCCAGTAG
CGGAGCTAGGATGGAA
CGGAGCTAGTGCAAGC
CGGAGCTAGTGGTAGC
CGGAGCTCACCTCGTT
CGGAGCTGTTGTACAC
CGGAGTCAGAGACTAT
CGGAGTCAGCGTAATA
CGGAGTCAGCTAGCCC
CGGAGTCCACACGCTG
CGGAGTCCACCATCCT
CGGAGTCCAGTGGGAT
CGGAGTCGTCATCGGC
CGGAGTCGTCGTGGCT
CGGAGTCGTGTGCCTG
CGGAGTCTCTCTGTCG
CGGCTAGAGTTGAGAT
CGGCTAGGTCTGATTG
CGGCTAGTCCTAAGTG
CGGCTAGTCTATCCCG
CGGGTCAAGAAGGTGA
CGGGTCACATCTGGTA
CGGGTCAGTAGCGTGA
CGGGTCATCACAGGCC
CGGGTCATCTCTAGGA
CGGTTAAAGTGGTAGC
CGGTTAACAGCTATTG
CGGTTAACAGTATCTG
CGGTTAAGTAAGAGGA
CGGTTAAGTACAGACG
CGGTTAAGTAGAGTGC
CGGTTAAGTATCTGCA
CGGTTAATCTTGAGAC
CGTAGCGAGACAGAGA
CGTAGCGAGAGACGAA
CGTAGCGAGGCTATCT
CGTAGCGGTTCAGACT
CGTAGGCAGATAGTCA
CGTAGGCAGGACATTA
CGTAGGCGTCCGCTGA
CGTAGGCTCTTTAGGG
CGTCACTAGAGGTACC
CGTCACTAGATGTCGG
CGTCACTAGGTTCCTA
CGTCACTAGTAGATGT
CGTCACTCAGACGCCT
CGTCACTCAGCGAACA
CGTCACTCAGCTGTTA
CGTCACTCATTCGACA
CGTCACTGTCTCGTTC
CGTCACTGTTGGACCC
CGTCACTTCAGAAATG
CGTCACTTCCCTGACT
CGTCAGGAGATGAGAG
CGTCAGGCATATGCTG
CGTCAGGGTTCGCTAA
CGTCAGGTCCATGAGT
CGTCCATAGCTACCTA
CGTCCATAGGCTAGAC
CGTCCATCAAGCGAGT
CGTCCATCAATCAGAA
CGTCCATCAGTAACGG
CGTCCATTCACCATAG
CGTCCATTCAGTCCCT
CGTCCATTCTATCCCG
CGTCTACAGAGTACCG
CGTCTACAGCGTTCCG
CGTCTACCAAACAACA
CGTCTACCAACACCCG
CGTCTACCAGATAATG
CGTCTACCAGTAAGCG
CGTCTACGTCACAAGG
CGTCTACGTGATGCCC
CGTCTACTCCAACCAA
CGTCTACTCCTGCAGG
CGTGAGCAGAAACGCC
CGTGAGCCAACGATGG
CGTGAGCTCATAGCAC
CGTGAGCTCATTGCCC
CGTGAGCTCCCTAATT
CGTGAGCTCCTACAGA
CGTGTAAGTTAGATGA
CGTGTAAGTTGAGGTG
CGTGTAAGTTGGACCC
CGTGTAATCACCAGGC
CGTGTCTAGATGGCGT
CGTGTCTAGTCGATAA
CGTGTCTAGTTATCGC
CGTGTCTGTCAATACC
CGTGTCTGTCAGATAA
CGTGTCTTCACAGTAC
CGTGTCTTCCAGTATG
CGTGTCTTCCGCGTTT
CGTTAGAAGATCACGG
CGTTAGAAGCCCTAAT
CGTTAGAAGGATGGAA
CGTTAGACACAGCCCA
CGTTAGACAGGTCCAC
CGTTAGAGTATCTGCA
CGTTAGAGTCTTGTCC
CGTTAGAGTGCGCTTG
CGTTAGAGTGTGTGCC
CGTTAGATCAGATAAG
CGTTAGATCATCACCC
CGTTCTGCACATTAGC
CGTTCTGCATAGACTC
CGTTCTGGTATAGGGC
CGTTCTGGTTAAGAAC
CGTTCTGGTTGTGGAG
CGTTCTGTCACAGTAC
CGTTGGGAGCGTGAGT
CGTTGGGAGGGAGTAA
CGTTGGGCAAACTGTC
CGTTGGGCATCAGTAC
CGTTGGGTCCTTTACA
CTAACTTAGTGTCCAT
CTAACTTGTCGGATCC
CTAACTTGTGCCTGGT
CTAACTTGTTGGTAAA
CTAACTTGTTTGACAC
CTAAGACCAAACAACA
CTAAGACCACTCGACG
CTAAGACCAGGGTACA
CTAAGACCATCGGACC
CTAAGACGTCAAACTC
CTAAGACTCAATACCG
CTAATGGAGCAACGGT
CTAATGGAGGCATGTG
CTAATGGAGTGGAGTC
CTAATGGAGTTTCCTT
CTAATGGCAAGGTGTG
CTAATGGCAAGTCTGT
CTAATGGCACAGATTC
CTAATGGCAGGATCGA
CTAATGGGTGCAGTAG
CTAATGGGTTGATTCG
CTAATGGTCATGTCTT
CTAATGGTCGCGATCG
CTACACCAGCGATTCT
CTACACCAGGATATAC
CTACACCAGTTCGATC
CTACACCGTGCAACTT
CTACACCGTTAGGGTG
CTACACCTCACCATAG
CTACACCTCACTGGGC
CTACACCTCGTCTGAA
CTACATTAGAATGTTG
CTACATTAGCCACCTG
CTACATTGTCGCGAAA
CTACATTGTCGGCTCA
CTACATTTCTCTGAGA
CTACCCAAGTTACCCA
CTACCCACAGCTTCGG
CTACCCACAGGTCGTC
CTACCCAGTGCCTGTG
CTACCCAGTGGCGAAT
CTACCCATCCATGAAC
CTACCCATCGCACTCT
CTACCCATCTGTTGAG
CTACGTCAGAAACGCC
CTACGTCAGATGTGTA
CTACGTCAGTATCGAA
CTACGTCAGTCAATAG
CTACGTCGTCGAGATG
CTACGTCGTGGACGAT
CTACGTCTCACTATTC
CTAGAGTAGAAGGCCT
CTAGAGTAGAGTCTGG
CTAGAGTAGTTTAGGA
CTAGAGTTCTCAAGTG
CTAGCCTAGCTAGTCT
CTAGCCTCAATGAAAC
CTAGCCTCAATGACCT
CTAGCCTCACACCGCA
CTAGCCTGTGCCTGGT
CTAGCCTGTGTGCGTC
CTAGCCTTCATCTGTT
CTAGTGAAGCTGATAA
CTCACACAGCTCCTCT
CTCACACCAAGGTTCT
CTCACACGTCTGGAGA
CTCACACTCTGGCGTG
CTCAGAAAGCTCCTTC
CTCAGAAAGTACATGA
CTCAGAACAGTATCTG
CTCAGAACATCGACGC
CTCAGAACATCGGTTA
CTCAGAACATCTACGA
CTCAGAAGTAGCGTGA
CTCAGAAGTTGCGCAC
CTCAGAATCCCAACGG
CTCAGAATCCTTAATC
CTCATTAAGATGCCTT
CTCATTAAGTAGGTGC
CTCATTACAAGTTAAG
CTCATTACAATTCCTT
CTCATTAGTGGTCTCG
CTCATTAGTGTTCGAT
CTCATTATCATGCAAC
CTCATTATCCCTCTTT
CTCCTAGAGATGTAAC
CTCCTAGCACATGGGA
CTCCTAGCATGGTCTA
CTCCTAGGTGAGGGAG
CTCCTAGTCAACGCTA
CTCGAAAAGCTACCTA
CTCGAAAAGTGGGTTG
CTCGAAACAAACGCGA
CTCGAAACAAGTTGTC
CTCGAAACACGGTAGA
CTCGAAACAGATGAGC
CTCGAAACAGGTGGAT
CTCGAAAGTCAATGTC
CTCGAAAGTCGGCTCA
CTCGAAAGTTAAGAAC
CTCGAGGAGTCTCAAC
CTCGAGGAGTTTCCTT
CTCGAGGCAGCCACCA
CTCGAGGGTCAAAGCG
CTCGAGGGTCAATGTC
CTCGAGGGTGTTCGAT
CTCGAGGTCCTCAACC
CTCGAGGTCGAACGGA
CTCGGAGAGACCCACC
CTCGGAGAGGCACATG
CTCGGAGCAACGATGG
CTCGGAGGTGTTCTTT
CTCGGGAAGAATCTCC
CTCGGGAAGTAAGTAC
CTCGGGACATTGGTAC
CTCGGGAGTAGGCTGA
CTCGGGAGTTTAGGAA
CTCGGGATCGGACAAG
CTCGGGATCTTGCCGT
CTCGTACAGAGATGAG
CTCGTACCAATAGCGG
CTCGTACCATGCCTAA
CTCGTACGTACAGTGG
CTCGTACTCACATACG
CTCGTACTCGTTTAGG
CTCGTACTCTTGCAAG
CTCGTCAAGCAGGCTA
CTCGTCAAGTACGACG
CTCGTCACATGCAATC
CTCGTCAGTCGAACAG
CTCGTCAGTTACTGAC
CTCGTCATCGATAGAA
CTCGTCATCTGCCCTA
CTCTAATAGCGGCTTC
CTCTAATAGGTTACCT
CTCTAATCAGACGTAG
CTCTAATCAGTAGAGC
CTCTAATCATGTTCCC
CTCTAATGTCCTGCTT
CTCTAATGTTACGGAG
CTCTACGCATGGGACA
CTCTACGCATTCGACA
CTCTACGGTACCAGTT
CTCTACGGTAGAAAGG
CTCTACGGTTCACGGC
CTCTGGTAGCTGATAA
CTCTGGTCACGAGAGT
CTCTGGTGTACAGTGG
CTCTGGTTCTGTCTCG
CTGAAACAGACTACAA
CTGAAACAGCAATATG
CTGAAACTCCAGGGCT
CTGAAACTCCCAAGAT
CTGAAGTCACGGCCAT
CTGAAGTGTCTAGCCG
CTGATAGAGGCACATG
CTGATAGCACAAGTAA
CTGATAGCATGCAACT
CTGATAGGTAACGCGA
CTGATAGGTGAGCGAT
CTGATAGGTGCGAAAC
CTGATAGGTTGTCTTT
CTGATAGTCAATCTCT
CTGATAGTCAGGTAAA
CTGATAGTCCCATTAT
CTGATAGTCCCTGACT
CTGATCCAGAACTGTA
CTGATCCAGAGATGAG
CTGATCCAGCACCGTC
CTGATCCAGCAGCGTA
CTGATCCCAAAGGAAG
CTGATCCCATTGCGGC
CTGATCCTCGCAAACT
CTGCCTAAGCGCCTTG
CTGCCTACAACGCACC
CTGCCTAGTATGAAAC
CTGCCTAGTTCCGTCT
CTGCCTATCCAAAGTC
CTGCCTATCCAAATGC
CTGCGGAAGCCTTGAT
CTGCGGAAGGCGCTCT
CTGCGGACAAAGTGCG
CTGCGGACAAATTGCC
CTGCGGACAACGATGG
CTGCGGAGTCATTAGC
CTGCGGAGTCGATTGT
CTGCGGATCCGCAGTG
CTGCTGTAGACAGACC
CTGCTGTAGCGCTTAT
CTGCTGTAGCTAGGCA
CTGCTGTAGTTGAGAT
CTGCTGTGTAAATGTG
CTGCTGTTCGCGTTTC
CTGGTCTAGTCGTACT
CTGGTCTCAATTGCTG
CTGGTCTGTACGCACC
CTGGTCTGTCTAGCCG
CTGGTCTTCGCTTGTC
CTGGTCTTCTCATTCA
CTGTGCTAGACAGAGA
CTGTGCTAGCAGCCTC
CTGTGCTAGGCAGTCA
CTGTGCTCACACCGCA
CTGTGCTCACAGGTTT
CTGTGCTGTACAGCAG
CTGTGCTGTATTAGCC
CTGTGCTTCCAAGTAC
CTGTGCTTCGAATGCT
CTGTTTAAGACTTTCG
CTGTTTAAGTCTCCTC
CTGTTTACATCTCGCT
CTGTTTAGTCTCAACA
CTGTTTATCCGCTGTT
CTTAACTCAGAGCCAA
CTTAACTCATGGTCTA
CTTAACTGTATAGGGC
CTTAACTGTTTGGCGC
CTTACCGAGAATGTGT
CTTACCGAGAGCTGGT
CTTACCGAGGCCCGTT
CTTACCGAGTGGACGT
CTTACCGCAAAGGTGC
CTTACCGCAAGACGTG
CTTACCGCAGACGCTC
CTTACCGGTGGGTATG
CTTAGGACAGACGCAA
CTTAGGACATGCAACT
CTTAGGAGTAAAGGAG
CTTAGGATCCCTTGCA
CTTAGGATCGGCTACG
CTTCTCTAGATCCCAT
CTTCTCTAGCGATTCT
CTTCTCTAGGTAAACT
CTTCTCTCACCAGGTC
CTTCTCTTCACGACTA
CTTCTCTTCGTTTGCC
CTTGGCTAGGATATAC
CTTGGCTAGTAATCCC
CTTGGCTAGTCGTACT
CTTGGCTCAATGGATA
CTTGGCTTCATGTGGT
CTTGGCTTCTACGAGT
CTTTGCGAGTCGAGTG
CTTTGCGCATCGGTTA
CTTTGCGGTCGAAAGC
CTTTGCGTCTCTTGAT
GAAACTCAGACGACGT
GAAACTCGTTCGAATC
GAAACTCTCACTGGGC
GAAATGAAGCCACCTG
GAAATGACACGACTCG
GAAATGACACGTCAGC
GAAATGACATCCGTGG
GAAATGACATTGGGCC
GAAATGAGTGCTCTTC
GAACATCAGCGTTGCC
GAACATCGTGTGTGCC
GAACATCGTTAAAGTG
GAACATCTCCACGACG
GAACCTACAGGGTATG
GAACCTAGTCAAACTC
GAACCTAGTGCGAAAC
GAACCTATCGTTACAG
GAACCTATCTGGGCCA
GAACCTATCTTTACGT
GAACGGAAGTCTCCTC
GAACGGAAGTTCCACA
GAACGGACAGATTGCT
GAACGGACAGGTCTCG
GAACGGAGTACATGTC
GAACGGAGTCTTCTCG
GAACGGAGTTGCTCCT
GAACGGATCACTTCAT
GAACGGATCAGGCGAA
GAAGCAGAGGATATAC
GAAGCAGAGGCCATAG
GAAGCAGAGGTGCTAG
GAAGCAGAGTATTGGA
GAAGCAGCAACGATGG
GAAGCAGCACAAGTAA
GAAGCAGCACATTCGA
GAAGCAGCACCAGATT
GAAGCAGCAGTTCATG
GAAGCAGGTATAAACG
GAAGCAGGTCGAGTTT
GAAGCAGGTGTTGAGG
GAATAAGAGCTACCGC
GAATAAGAGGCTAGGT
GAATAAGAGGTGTGGT
GAATAAGCAAGTCTGT
GAATAAGCACATCTTT
GAATAAGCAGACGCCT
GAATAAGCAGACGCTC
GAATAAGGTCTGGTCG
GAATAAGGTGTTCTTT
GAATAAGGTTTCCACC
GAATAAGTCATGCAAC
GAATAAGTCTTGTTTG
GAATGAAAGGCATGTG
GAATGAAAGGGTTCCC
GAATGAAAGGTGCAAC
GAATGAACAATCTACG
GAATGAACAGGCTCAC
GAATGAACATGGGACA
GAATGAATCGGAATCT
GAATGAATCTACCTGC
GACACGCAGCCGTCGT
GACACGCCAAGTAGTA
GACACGCGTCTCTTAT
GACAGAGAGAAGGCCT
GACAGAGCACATAACC
GACAGAGCAGTGGGAT
GACAGAGGTCAGTGGA
GACAGAGGTTGAGGTG
GACAGAGTCTTTAGTC
GACCAATCAGAGCCAA
GACCAATGTGACTCAT
GACCAATGTTGGTGGA
GACCTGGAGACCTAGG
GACCTGGAGACTGGGT
GACCTGGAGCGTGAGT
GACCTGGCATCGACGC
GACCTGGGTCTCATCC
GACCTGGGTGAGGGTT
GACCTGGTCGAATGCT
GACCTGGTCGGCCGAT
GACGCGTAGACTTTCG
GACGCGTAGCTCCCAG
GACGCGTAGGAGCGAG
GACGCGTAGTTCGCAT
GACGCGTCACATGTGT
GACGCGTCACCACCAG
GACGCGTCACCCAGTG
GACGCGTGTCGGGTCT
GACGCGTGTGCAGACA
GACGCGTGTGGTAACG
GACGCGTTCGTTGCCT
GACGCGTTCTCCGGTT
GACGCGTTCTTTAGGG
GACGGCTAGAGGTACC
GACGGCTAGATCCTGT
GACGGCTAGCTGCGAA
GACGGCTCATTCTCAT
GACGGCTGTTCAGACT
GACGGCTGTTCGGCAC
GACGGCTTCACGCATA
GACGTGCAGCCGATTT
GACGTGCAGGAGTTTA
GACGTGCAGGCAGGTT
GACGTGCAGTGTCCCG
GACGTGCGTAGCCTCG
GACGTGCGTAGGGACT
GACGTGCGTTCCATGA
GACGTGCTCCAATGGT
GACGTGCTCTAAGCCA
GACGTTAAGAAGATTC
GACGTTAAGCTGAAAT
GACGTTAAGGATCGCA
GACGTTACACCACGTG
GACGTTACAGACTCGC
GACTAACAGCGTAATA
GACTAACAGTATCTCG
GACTAACTCGCTTGTC
GACTAACTCTATCCCG
GACTACAAGATTACCC
GACTACAAGGGCTTCC
GACTACAAGTAGTGCG
GACTACACACAACTGT
GACTACAGTAGGAGTC
GACTACAGTTCACGGC
GACTACATCACAACGT
GACTGCGAGACCCACC
GACTGCGCACCACGTG
GACTGCGCAGGACGTA
GACTGCGTCACCAGGC
GACTGCGTCTTCTGGC
GAGCAGAAGCAATATG
GAGCAGAAGGTCATCT
GAGCAGAAGTGAACGC
GAGCAGACACGGTAGA
GAGCAGACAGCGAACA
GAGCAGACAGCGTCCA
GAGCAGAGTGATGCCC
GAGCAGAGTGGCCCTA
GAGCAGATCAGCAACT
GAGCAGATCAGCTCTC
GAGCAGATCGTCACGG
GAGCAGATCTCGGACG
GAGGTGAAGATATGCA
GAGGTGAAGCAGACTG
GAGGTGAAGCTCCTTC
GAGGTGAAGTAGTGCG
GAGGTGACAGATCCAT
GAGGTGACAGCTGTGC
GAGGTGACAGTATAAG
GAGGTGACATATGGTC
GAGGTGACATGCCTAA
GAGGTGAGTCTTGATG
GAGGTGATCCGCGGTA
GAGTCCGAGAAACGCC
GAGTCCGCAAGACACG
GAGTCCGCACAACTGT
GAGTCCGCACCAGCAC
GAGTCCGCAGGCGATA
GAGTCCGGTAAGGGAA
GAGTCCGGTAATTGGA
GAGTCCGTCATATCGG
GATCAGTAGCGTTCCG
GATCAGTAGGAGCGTT
GATCAGTAGTAACCCT
GATCAGTCATGTTGAC
GATCAGTTCATAAAGG
GATCAGTTCGGAAATA
GATCGATAGCAGCGTA
GATCGATAGCTATGCT
GATCGATAGGAGTTTA
GATCGATCACAGCCCA
GATCGATGTAGATTAG
GATCGATTCCAGATCA
GATCGATTCGGTGTCG
GATCGCGCATGTCGAT
GATCGCGGTAAGGGCT
GATCGCGGTCTCGTTC
GATCGCGGTTCAGGCC
GATCGCGTCAATACCG
GATCGCGTCTTCATGT
GATCGTACAGCAGTTT
GATCGTATCCGCATAA
GATCGTATCGCCAAAT
GATCGTATCGGAGCAA
GATCTAGAGCCACCTG
GATCTAGAGTCCCACG
GATCTAGAGTGGAGAA
GATCTAGAGTGTTAGA
GATCTAGCACCTTGTC
GATCTAGGTCCAGTGC
GATCTAGGTCTTGTCC
GATCTAGGTGTTTGGT
GATCTAGTCTGCTTGC
GATGAAAAGAATGTGT
GATGAAAAGCCAACAG
GATGAAAAGCGTAGTG
GATGAAAAGGCCCTCA
GATGAAACACGAAAGC
GATGAAAGTTGGTAAA
GATGAAATCAACGCTA
GATGAAATCCATGAAC
GATGAGGAGTGAACAT
GATGAGGCACGAAATA
GATGAGGCAGGTGCCT
GATGAGGGTCGCATCG
GATGAGGGTGACTACT
GATGAGGGTTCGTGAT
GATGCTAAGACTTTCG
GATGCTAAGCACACAG
GATGCTAAGCTAGTGG
GATGCTACAAACTGTC
GATGCTACAAGCGATG
GATGCTACACGAAATA
GATGCTAGTACTCTCC
GATGCTAGTAGCGATG
GATGCTAGTCTCGTTC
GATGCTAGTTCAACCA
GATGCTATCCTAAGTG
GATGCTATCTGTCTAT
GATTCAGAGACAAGCC
GATTCAGCAACGCACC
GATTCAGCACATTTCT
GATTCAGCATTGGGCC
GATTCAGGTAAACGCG
GATTCAGGTCACCTAA
GATTCAGTCGGTTAAC
GATTCAGTCTGCTGTC
GCAAACTAGGAGTTTA
GCAAACTAGTTATCGC
GCAAACTCAAGAGTCG
GCAAACTCAAGCCGCT
GCAAACTCAGCGAACA
GCAAACTGTCCAGTTA
GCAAACTGTTAAGATG
GCAAACTTCAGGCGAA
GCAATCAAGTCGCCGT
GCAATCAAGTTAGGTA
GCAATCACAACGATGG
GCAATCAGTCTCTTTA
GCAATCAGTTTGACAC
GCACATACACTTACGA
GCACATACATGCTGGC
GCACATAGTAGATTAG
GCACATAGTATCTGCA
GCACATAGTCAGAGGT
GCACATAGTCTCAACA
GCACATATCGCGATCG
GCACTCTGTTAAAGAC
GCACTCTTCAGCTCGG
GCACTCTTCTCATTCA
GCAGCCAAGAGCAATT
GCAGCCAAGCCGGTAA
GCAGCCAAGGTCGGAT
GCAGCCACACCGATAT
GCAGCCACATCCTAGA
GCAGCCAGTCGCGGTT
GCAGCCAGTCTAAACC
GCAGCCAGTGGTAACG
GCAGCCAGTTAAGACA
GCAGCCATCAAACCGT
GCAGCCATCCAGTATG
GCAGTTACAATGTTGC
GCAGTTACACGAAACG
GCAGTTACATGTCTCC
GCAGTTAGTACCGTTA
GCAGTTAGTCGCCATG
GCAGTTAGTGGGTATG
GCAGTTATCAGGTTCA
GCATACAAGCAAATCA
GCATACAAGGATATAC
GCATACAAGGTAGCTG
GCATACAAGTATCTCG
GCATACACATGGATGG
GCATACAGTCACACGC
GCATACAGTCTCGTTC
GCATACATCTCTTATG
GCATGATAGAACAACT
GCATGATAGACTCGGA
GCATGATCAAACAACA
GCATGATCAGGAATGC
GCATGATGTATATCCG
GCATGATGTCTAAACC
GCATGATTCACTATTC
GCATGATTCCTTGGTC
GCATGATTCTAAGCCA
GCATGCGAGATCGGGT
GCATGCGAGCACAGGT
GCATGCGAGCAGGTCA
GCATGCGAGTGGGATC
GCATGCGAGTGGGCTA
GCATGCGCATCGATGT
GCATGCGGTATTAGCC
GCATGCGTCACTTATC
GCATGCGTCAGTCCCT
GCATGCGTCCAACCAA
GCATGCGTCTCTGTCG
GCATGTAAGCTGATAA
GCATGTAAGGTCGGAT
GCATGTAGTATGAAAC
GCATGTATCGGTTAAC
GCCAAATCAGCCTATA
GCCAAATGTCGCTTTC
GCCTCTACAATGGATA
GCCTCTAGTCCAGTAT
GCCTCTAGTCCGTCAG
GCCTCTAGTGCCTGGT
GCCTCTATCCGAATGT
GCCTCTATCGGTGTCG
GCGACCAAGCGTGTCC
GCGACCAAGCTAAACA
GCGACCACAATGGAAT
GCGACCACAGACTCGC
GCGACCAGTCACCCAG
GCGAGAAAGGCGCTCT
GCGAGAAGTACTTCTT
GCGAGAAGTCACCTAA
GCGAGAAGTGAAATCA
GCGAGAAGTGTGACCC
GCGAGAAGTTCAGACT
GCGAGAATCCCGGATG
GCGAGAATCGTCCGTT
GCGCAACAGTCCCACG
GCGCAACGTGGCGAAT
GCGCAACTCATTGCGA
GCGCAACTCGAATGGG
GCGCAACTCTGCCAGG
GCGCAGTAGTTGTAGA
GCGCAGTGTCCTGCTT
GCGCAGTGTGAACCTT
GCGCAGTGTTTAAGCC
GCGCAGTTCCGAACGC
GCGCAGTTCCTGCCAT
GCGCAGTTCTAGAGTC
GCGCAGTTCTGCCCTA
GCGCCAATCTCTGTCG
GCGCGATCACGGCTAC
GCGCGATGTTTGTGTG
GCGGGTTAGAATAGGG
GCGGGTTAGACCTTTG
GCGGGTTAGCTGAACG
GCGGGTTAGTGCGTGA
GCGGGTTCACAACGCC
GCGGGTTCAGTCAGCC
GCGGGTTCATGACATC
GCGGGTTCATGGAATA
GCGGGTTGTCTCTTAT
GCGGGTTGTGCTTCTC
GCGGGTTGTTCAGACT
GCGGGTTTCAGCGACC
GCGGGTTTCGATGAGG
GCTCCTAAGAGACGAA
GCTCCTACAATGGATA
GCTCCTAGTAAGAGAG
GCTCCTATCCAAGTAC
GCTCCTATCTGGTATG
GCTCTGTGTCCGAACC
GCTCTGTTCCTGCAGG
GCTGCAGCAACTGCGC
GCTGCAGCACGTCAGC
GCTGCAGCAGATCTGT
GCTGCAGCAGCTGTGC
GCTGCAGTCTCTGCTG
GCTGCGACAAGCCCAC
GCTGCGACAGATGGCA
GCTGCGACATTGGCGC
GCTGCGATCACCCGAG
GCTGCGATCCAGATCA
GCTGCTTAGTTGTAGA
GCTGCTTTCATGTCTT
GCTGCTTTCCCTAATT
GCTGCTTTCCGCGGTA
GCTGGGTAGCCATCGC
GCTGGGTAGCTGAAAT
GCTGGGTGTGTTTGTG
GCTGGGTTCGGGAGTA
GCTTCCAAGATGTGGC
GCTTCCAAGTACGACG
GCTTCCACAGGATCGA
GCTTCCAGTTGTGGCC
GCTTCCATCCGTAGTA
GCTTCCATCTTGCATT
GCTTGAAAGGGCTTGA
GCTTGAACAGAAGCAC
GCTTGAACAGTCGATT
GCTTGAAGTTACGCGC
GCTTGAATCAACGGGA
GCTTGAATCACCAGGC
GCTTGAATCTGGTGTA
GCTTGAATCTTGTTTG
GCTTGAATCTTTAGTC
GGAAAGCAGAAAGTGG
GGAAAGCAGTTACGGG
GGAAAGCCAAAGTCAA
GGAAAGCCATGCCCGA
GGAAAGCGTTTGTTTC
GGAAAGCTCTCTAAGG
GGAACTTAGAATTGTG
GGAACTTGTCCGAACC
GGAATAAAGGGTTTCT
GGAATAAAGTGAAGTT
GGAATAAAGTTAACGA
GGAATAACAAATTGCC
GGAATAACACCCATGG
GGAATAAGTGTGTGCC
GGAATAATCCTTTCGG
GGAATAATCTGCGGCA
GGACAAGAGGGAACGG
GGACAAGAGGTGCTAG
GGACAAGGTCGGCTCA
GGACAAGGTTCAGGCC
GGACAAGTCCAATGGT
GGACAGAAGCCATCGC
GGACAGAAGGGTCGAT
GGACAGAAGTCCTCCT
GGACAGACAGTAAGAT
GGACAGACATACTCTT
GGACAGAGTCCTAGCG
GGACAGATCCGTACAA
GGACAGATCCGTAGTA
GGACAGATCGGCTACG
GGACAGATCTCTTGAT
GGACATTAGGCTCATT
GGACATTCAGTTCATG
GGACATTGTACCCAAT
GGACATTGTGCCTGTG
GGACATTGTTATGCGT
GGACATTTCCCAGGTG
GGACATTTCCGCATAA
GGACATTTCGGAAATA
GGACGTCAGATAGTCA
GGACGTCAGTCGAGTG
GGACGTCAGTCGCCGT
GGACGTCCATCTCCCA
GGACGTCGTCAGAATA
GGACGTCGTTCCATGA
GGACGTCTCACTGGGC
GGACGTCTCGCCTGAG
GGACGTCTCTTATCTG
GGACGTCTCTTGAGAC
GGAGCAAGTCAGATAA
GGAGCAATCGATGAGG
GGATGTTAGAGCCCAA
GGATGTTCAATGGAAT
GGATGTTGTACAGTTC
GGATGTTTCTGGAGCC
GGATTACCAAGACACG
GGATTACGTACCTACA
GGATTACTCAACCAAC
GGATTACTCTGAGGGA
GGCAATTAGCGGATCA
GGCAATTAGTTGAGAT
GGCAATTCACAGCCCA
GGCAATTGTCAACATC
GGCAATTGTCCGAAGA
GGCAATTTCACTCCTG
GGCCGATAGTACATGA
GGCCGATCAGCTTAAC
GGCCGATCATGTTCCC
GGCCGATGTGTTGGGA
GGCCGATGTTCCGGCA
GGCCGATTCAAAGACA
GGCCGATTCATCGGAT
GGCGACTAGACAAAGG
GGCGACTAGGACAGAA
GGCGACTGTATTCTCT
GGCGACTTCTAAGCCA
GGCGTGTCACCGTTGG
GGCTCGAAGCCACCTG
GGCTCGACAGCAGTTT
GGCTCGATCCTATGTT
GGCTGGTAGTCCATAC
GGCTGGTCAAAGGTGC
GGCTGGTCAGCGAACA
GGCTGGTGTAAATGAC
GGCTGGTTCCTGTAGA
GGGAATGCATCCCATC
GGGAATGGTAAGCACG
GGGAATGGTGCCTGCA
GGGAATGGTTCGTGAT
GGGAATGTCACTCTTA
GGGACCTGTGCTAGCC
GGGACCTTCACCTTAT
GGGAGATAGAACTGTA
GGGAGATCATGCTAGT
GGGAGATGTAAGTGGC
GGGAGATTCACCGGGT
GGGAGATTCCGCATCT
GGGATGAAGAATTCCC
GGGATGAAGTGTCTCA
GGGATGACAAGCCGCT
GGGATGACACATCTTT
GGGATGACACTTGGAT
GGGATGACAGCTGTAT
GGGATGAGTGAGGCTA
GGGATGAGTGCAGACA
GGGATGATCGAATCCA
GGGATGATCTCTAAGG
GGGCACTAGTCATCCA
GGGCACTCAGACGCTC
GGGCACTGTAGCCTCG
GGGCACTGTCTTCTCG
GGGCATCAGCGACGTA
GGGCATCAGCTAAACA
GGGCATCAGTATCGAA
GGGCATCCACTTAACG
GGGCATCCAGCTTCGG
GGGCATCTCCGTAGGC
GGGCATCTCCTCAATT
GGGCATCTCTTGTATC
GGGTCTGAGTGCCAGA
GGGTCTGCAAGCGTAG
GGGTCTGCATCGATTG
GGGTCTGGTCGGCACT
GGGTCTGGTTTGGGCC
GGGTCTGTCAACACGT
GGGTCTGTCAGTTCGA
GGGTCTGTCTCGATGA
GGGTCTGTCTCTAGGA
GGGTTGCAGCGTAATA
GGGTTGCCAATTCCTT
GGGTTGCTCGGCATCG
GGGTTGCTCTCGTATT
GGGTTGCTCTGTGCAA
GGTATTGAGGAGTAGA
GGTATTGCAGCATGAG
GGTATTGCAGGGTTAG
GGTATTGGTACCGTTA
GGTATTGGTGTGAATA
GGTATTGTCAAGAAGT
GGTATTGTCGATAGAA
GGTATTGTCGCCTGTT
GGTGAAGAGAAGCCCA
GGTGAAGAGAAGGGTA
GGTGAAGCAAGGACAC
GGTGAAGCACTTCTGC
GGTGAAGCATACGCCG
GGTGAAGCATGGGAAC
GGTGAAGTCTGCTGCT
GGTGCGTAGACGACGT
GGTGCGTCAAGTCTGT
GGTGTTAAGCAAATCA
GGTGTTACAATGTAAG
GGTGTTACAGCCTATA
GGTGTTACATCGATTG
GGTGTTAGTACCGTAT
GGTGTTAGTGACGGTA
GGTGTTATCAAAGTAG
GTAACGTCAATAGCAA
GTAACGTCAATCCAAC
GTAACGTCATGATCCA
GTAACGTCATGTTGAC
GTAACGTGTGTCAATC
GTAACGTGTTACGTCA
GTAACGTTCAGTCAGT
GTAACGTTCATCTGCC
GTAACGTTCGGTCCGA
GTAACTGCAGCTCGAC
GTAACTGCATATACGC
GTACGTAAGCTCCTCT
GTACGTACAAGCCTAT
GTACGTACACGCGAAA
GTACGTAGTTCCACTC
GTACTCCAGGCTACGA
GTACTCCGTGGAAAGA
GTACTCCGTTGTGGCC
GTACTCCTCAACTCTT
GTACTTTAGCAGGCTA
GTACTTTCAGGAATCG
GTACTTTGTCTTTCAT
GTACTTTTCAATCACG
GTACTTTTCGTAGGTT
GTAGGCCAGAAGGCCT
GTAGGCCAGGTAAACT
GTAGGCCAGGTGACCA
GTAGGCCCAAGGTGTG
GTAGGCCGTGAACCTT
GTAGGCCGTTTCGCTC
GTAGGCCTCAGCTCTC
GTAGGCCTCCCGACTT
GTAGGCCTCGGTGTCG
GTAGTCAAGAGGTTAT
GTAGTCAAGCTGCAAG
GTAGTCAAGGAATCGC
GTAGTCAAGGCTCTTA
GTAGTCACAAAGAATC
GTAGTCACAACTGCTA
GTAGTCACAAGGCTCC
GTAGTCACAGCCTATA
GTAGTCACATATGAGA
GTAGTCACATATGCTG
GTAGTCATCCTCATTA
GTAGTCATCCTGTACC
GTAGTCATCTTACCGC
GTATCTTAGTGTACCT
GTATCTTCAAGGTTCT
GTATCTTGTTCGTCTC
GTATCTTTCGAACGGA
GTATTCTGTAAGGGAA
GTATTCTTCTTACCTA
GTCAAGTCACTTCGAA
GTCAAGTCATGACATC
GTCAAGTGTCCCTTGT
GTCAAGTTCCTAGAAC
GTCAAGTTCGCAGGCT
GTCAAGTTCTACTATC
GTCACAAAGTGCAAGC
GTCACAACAAGCTGTT
GTCACAACAGACGTAG
GTCACAACATGGAATA
GTCACAACATGGGAAC
GTCACAAGTATAAACG
GTCACAAGTTATGCGT
GTCACGGAGCATGGCA
GTCACGGCACAGGAGT
GTCACGGCACCTGGTG
GTCACGGCAGTCGTGC
GTCACGGCATCTACGA
GTCACGGCATTAGGCT
GTCACGGGTCTCTCGT
GTCACGGTCCAAAGTC
GTCATTTCAAGACACG
GTCATTTGTACCTACA
GTCATTTGTAGCGTGA
GTCATTTGTGGCGAAT
GTCATTTTCAGCGATT
GTCCTCAAGAAGGTGA
GTCCTCAAGTGTTTGC
GTCCTCACATCTATGG
GTCCTCAGTAGCCTAT
GTCCTCATCGGCCGAT
GTCCTCATCTGGTATG
GTCGGGTCACATTAGC
GTCGGGTCAGACGCCT
GTCGGGTCATGACGGA
GTCGGGTGTCTCACCT
GTCGGGTGTTCGCGAC
GTCGGGTTCATGTGGT
GTCGTAAAGCTCAACT
GTCGTAAAGCTGAAAT
GTCGTAACAATAGCAA
GTCGTAACACCTCGTT
GTCGTAAGTCCATCCT
GTCGTAAGTGAGCGAT
GTCGTAAGTGCACGAA
GTCTCGTAGACGCAAC
GTCTCGTAGTCACGCC
GTCTCGTCAGCAGTTT
GTCTCGTCAGGCGATA
GTCTCGTTCCACTGGG
GTCTCGTTCGTCCGTT
GTCTTCGAGAGACTTA
GTCTTCGAGCAGGTCA
GTCTTCGGTACGCTGC
GTCTTCGGTGAGGCTA
GTCTTCGTCCGCAGTG
GTGAAGGAGCCTCGTG
GTGAAGGAGGGCTTCC
GTGAAGGTCGTAGATC
GTGCAGCAGAATGTGT
GTGCAGCCAATGGTCT
GTGCAGCCAGTTCCCT
GTGCAGCGTCCGAACC
GTGCAGCGTTCAGGCC
GTGCAGCTCTTTCCTC
GTGCATAAGACCGGAT
GTGCATACACCCTATC
GTGCATACACTGCCAG
GTGCATACAGGGTATG
GTGCATACATGACATC
GTGCATACATTGGGCC
GTGCATAGTAAATGTG
GTGCATAGTTAGGGTG
GTGCATAGTTCCCGAG
GTGCATATCTTGTCAT
GTGCGGTAGATCGATA
GTGCGGTAGGATTCGG
GTGCGGTTCACCGTAA
GTGCTTCAGCCACCTG
GTGCTTCAGCGATTCT
GTGCTTCAGGACAGCT
GTGCTTCCAAATACAG
GTGCTTCCATACGCTA
GTGCTTCGTGCAGGTA
GTGGGTCAGCCGCCTA
GTGGGTCAGGCATGGT
GTGGGTCAGGCTACGA
GTGGGTCTCCTCCTAG
GTGGGTCTCTGCAGTA
GTGTGCGAGACACGAC
GTGTGCGAGTGAACGC
GTGTGCGAGTGTTGAA
GTGTGCGCACGAAAGC
GTGTGCGCATAGGATA
GTGTGCGGTAGGCTGA
GTGTGCGGTATATCCG
GTGTGCGGTTCACGGC
GTGTGCGGTTCAGTAC
GTGTGCGTCACATGCA
GTGTGCGTCACCGTAA
GTGTGCGTCAGGCAAG
GTGTTAGAGAAGGGTA
GTGTTAGAGCACCGCT
GTGTTAGAGGCTCATT
GTGTTAGAGTCCGTAT
GTGTTAGGTATGAATG
GTGTTAGGTCTTCTCG
GTGTTAGGTTCGCGAC
GTGTTAGGTTTGCATG
GTGTTAGTCCTTTACA
GTTAAGCCAGCCTTGG
GTTAAGCGTAGCAAAT
GTTAAGCGTAGCACGA
GTTAAGCGTCCAGTTA
GTTAAGCGTTAGGGTG
GTTAAGCTCCGCGTTT
GTTACAGAGTGCCATT
GTTACAGCAAAGCGGT
GTTACAGCAAAGTCAA
GTTACAGCATTGGGCC
GTTACAGGTATGAAAC
GTTACAGGTCGATTGT
GTTACAGGTGCCTGCA
GTTACAGGTGGCCCTA
GTTACAGTCAGGCAAG
GTTCATTAGACTCGGA
GTTCATTCAGATGAGC
GTTCATTGTTACGCGC
GTTCATTGTTCAACCA
GTTCATTTCCCTAATT
GTTCGGGAGGACATTA
GTTCGGGCAAGAGTCG
GTTCGGGCACTTAAGC
GTTCGGGGTAGGGTAC
GTTCGGGGTGCACTTA
GTTCGGGGTGGTGTAG
GTTCGGGGTTCTGTTT
GTTCTCGAGGACAGCT
GTTCTCGCAATGGTCT
GTTCTCGCACGAAGCA
GTTCTCGCAGGACCCT
GTTCTCGCATACTCTT
GTTCTCGGTCATACTG
GTTCTCGGTCTTGTCC
GTTCTCGTCCGGCACA
GTTTCTAAGTATGACA
GTTTCTAAGTCATGCT
GTTTCTAAGTGTTAGA
GTTTCTACATCCGTGG
GTTTCTAGTCGCTTTC
GTTTCTAGTTGGTAAA
GTTTCTAGTTTCGCTC
GTTTCTATCCAAGCCG
GTTTCTATCCACTGGG
GTTTCTATCGCCGTGA
GTTTCTATCGGAAATA
TAAACCGAGCCAGTTT
TAAACCGAGGCATGTG
TAAACCGCAAGCTGTT
TAAACCGCAATGAAAC
TAAGAGAAGAGGTTGC
TAAGAGAAGCTTATCG
TAAGAGAAGTTGAGAT
TAAGAGACACGGCTAC
TAAGAGATCCGGGTGT
TAAGAGATCGACGGAA
TAAGCGTAGAAACCAT
TAAGCGTCAAACAACA
TAAGCGTCACAAGTAA
TAAGCGTCACGGTTTA
TAAGCGTCACTAAGTC
TAAGCGTGTCGAATCT
TAAGCGTGTCTCCACT
TAAGCGTGTTCCCGAG
TAAGCGTGTTTAAGCC
TAAGCGTTCCTCAATT
TAAGTGCAGCGACGTA
TAAGTGCAGGGTGTGT
TAAGTGCCACTTAACG
TAAGTGCGTACGAAAT
TAAGTGCGTTTGTTGG
TAAGTGCTCAGAGACG
TACACGAAGTCCTCCT
TACACGACACCGATAT
TACACGACATCTACGA
TACACGAGTTTGGGCC
TACAGTGAGACGACGT
TACAGTGAGTCTCAAC
TACAGTGGTCTCCATC
TACAGTGGTGTAATGA
TACAGTGGTGTGAAAT
TACAGTGTCGGCTTGG
TACAGTGTCTCCGGTT
TACCTATAGAGCCTAG
TACCTATAGCGATAGC
TACCTATAGTGGGTTG
TACCTATCAGCTGTGC
TACCTATGTAAGAGAG
TACCTATGTAGTGAAT
TACCTATGTGTTGAGG
TACCTATGTTCCACAA
TACCTATTCGCGTTTC
TACCTATTCGTCGTTC
TACCTTAAGAAGGCCT
TACCTTAAGCTACCTA
TACCTTAAGTTGAGTA
TACCTTACAAGCCGTC
TACCTTACACAGGCCT
TACCTTACACGTCTCT
TACCTTATCAACACGT
TACCTTATCCGCAAGC
TACGGATAGTTCGATC
TACGGATCAGTTCATG
TACGGATCATCCAACA
TACGGATCATCTACGA
TACGGATTCATCTGCC
TACGGATTCATTGCGA
TACGGGCAGCGATAGC
TACGGGCAGTTGTAGA
TACGGGCCATATGAGA
TACGGGCCATTTGCTT
TACGGGCGTACTTCTT
TACGGGCGTAGCGTCC
TACGGGCGTCAGATAA
TACGGGCTCTTCGAGA
TACGGTAAGCTGGAAC
TACGGTAAGTCCTCCT
TACGGTACACAGCGTC
TACGGTACAGTCCTTC
TACGGTAGTAATCGTC
TACGGTATCTTGCAAG
TACTCATAGACTGGGT
TACTCATCATCGGGTC
TACTCATGTAGGACAC
TACTCATGTCCGTTAA
TACTCATGTTATCACG
TACTCATGTTCGCTAA
TACTCATTCCAGAGGA
TACTCGCCAAGAAAGG
TACTCGCCACGAGGTA
TACTCGCGTTGTACAC
TACTCGCTCAATCTCT
TACTTACAGTTGAGTA
TACTTACCACAGACTT
TACTTACGTTACGGAG
TACTTACTCGATGAGG
TACTTACTCGTTTAGG
TACTTGTAGAAACCTA
TACTTGTAGACGCACA
TACTTGTAGGCCATAG
TACTTGTCAGACGTAG
TACTTGTGTACCATCA
TACTTGTGTAGCGTGA
TACTTGTGTCTAGAGG
TACTTGTTCCATTCTA
TAGACCACAAGTTGTC
TAGACCACACGAAACG
TAGACCACAGATGGGT
TAGACCAGTACGCACC
TAGACCAGTCAACTGT
TAGACCATCACTGGGC
TAGACCATCAGCTGGC
TAGACCATCCGAAGAG
TAGACCATCGTACGGC
TAGAGCTAGTGCCAGA
TAGAGCTAGTTGAGAT
TAGAGCTCAATCCAAC
TAGAGCTCACTTCTGC
TAGAGCTGTAGCTCCG
TAGAGCTTCATCTGCC
TAGAGCTTCGCAAGCC
TAGCCGGAGACCACGA
TAGCCGGAGCGTTGCC
TAGCCGGAGGGTCTCC
TAGCCGGCAAGCCGTC
TAGCCGGCAGTCTTCC
TAGCCGGGTCGAGATG
TAGCCGGGTGCATCTA
TAGCCGGTCATCGCTC
TAGCCGGTCATTGCCC
TAGCCGGTCGCTTAGA
TAGCCGGTCTGCTTGC
TAGGCATAGAGACTTA
TAGGCATAGATGCCAG
TAGGCATAGGCTAGAC
TAGGCATAGTCTCCTC
TAGGCATCAAGCTGGA
TAGGCATCAGCGTTCG
TAGGCATCAGTCGTGC
TAGTGGTAGAAGAAGC
TAGTGGTAGACAATAC
TAGTGGTAGGACACCA
TAGTGGTAGGAGTTGC
TAGTGGTAGGTGCTAG
TAGTGGTAGTGAATTG
TAGTGGTCACCGAAAG
TAGTGGTGTCATTAGC
TAGTGGTGTGACTACT
TAGTGGTGTTCACCTC
TAGTGGTTCACTCTTA
TAGTGGTTCAGTCCCT
TAGTGGTTCTGATTCT
TAGTTGGAGATCTGAA
TAGTTGGAGCTGGAAC
TAGTTGGCAAGTAGTA
TAGTTGGTCTTGTCAT
TATCAGGAGAGACTAT
TATCAGGCAGGGATTG
TATCAGGGTTCCACGG
TATCAGGGTTCGTGAT
TATCAGGTCACCAGGC
TATCAGGTCTGTTGAG
TATCTCAAGCCCAGCT
TATCTCAAGTGCTGCC
TATCTCACAGAGCCAA
TATCTCACAGTTCCCT
TATCTCAGTTACCAGT
TATCTCAGTTCGTTGA
TATCTCAGTTGGGACA
TATCTCATCCCAACGG
TATGCCCAGATGTGGC
TATGCCCCAACGCACC
TATGCCCCACGTCAGC
TATGCCCTCGCGATCG
TATGCCCTCTGCTGCT
TATTACCAGGACATTA
TATTACCCAAGACGTG
TATTACCCATGTAGTC
TATTACCGTCCATCCT
TATTACCGTCCCGACA
TATTACCGTTTGACAC
TATTACCTCAACGAAA
TATTACCTCAGCCTAA
TCAACGAAGAGGTTGC
TCAACGAAGGTAAACT
TCAACGAAGTGAATTG
TCAACGAAGTGGGTTG
TCAACGACATATGCTG
TCAACGACATCCGCGA
TCAACGAGTTGTACAC
TCAACGATCACTTCAT
TCAACGATCATGTAGC
TCAACGATCGCGATCG
TCAACGATCTATGTGG
TCAATCTAGATCCCGC
TCAATCTAGGAATCGC
TCAATCTAGGGTTCCC
TCAATCTCAAACTGCT
TCAATCTCAACAACCT
TCAATCTCAAGACACG
TCAATCTGTACGACCC
TCAATCTGTAGGCTGA
TCAATCTGTTCATGGT
TCAATCTTCGTCTGAA
TCACAAGAGAATTCCC
TCACAAGCAACAACCT
TCACAAGGTACAAGTA
TCACAAGGTAGCCTCG
TCACGAAAGATCGATA
TCACGAAAGTGCCAGA
TCACGAACAAGTACCT
TCACGAACAAGTCTAC
TCAGATGAGTACCGGA
TCAGATGCAAGCCCAC
TCAGATGCACGAAATA
TCAGATGCAGATAATG
TCAGATGCAGATGGGT
TCAGATGCAGTAAGAT
TCAGATGGTCGCTTTC
TCAGATGTCCGAATGT
TCAGCAATCAGTTGAC
TCAGCAATCGGTTCGG
TCAGCTCAGGCACATG
TCAGCTCAGGGCTCTC
TCAGCTCTCAACGGGA
TCAGGATAGGTAGCCA
TCAGGATCATAAAGGT
TCAGGATGTAGAGTGC
TCAGGATTCATACGGT
TCAGGATTCCACTCCA
TCAGGATTCTTTCCTC
TCAGGTAAGAATGTTG
TCAGGTAAGGACAGAA
TCAGGTAAGGCCCGTT
TCAGGTACACGAAACG
TCAGGTAGTCTCTTTA
TCAGGTAGTGACAAAT
TCAGGTAGTGTTTGTG
TCAGGTAGTTTGTGTG
TCAGGTATCATCGATG
TCAGGTATCGTCCAGG
TCATTACAGTGTTGAA
TCATTACCAAGTTGTC
TCATTACCAGGTTTCA
TCATTACTCACTATTC
TCATTTGAGATACACA
TCATTTGCACCGCTAG
TCATTTGCACGAAGCA
TCATTTGGTAGCACGA
TCATTTGGTTCCGGCA
TCATTTGTCATCGATG
TCCACACCAAGTAGTA
TCCACACGTACTCGCG
TCCACACTCCAGTATG
TCCCGATAGACGCAAC
TCCCGATAGATGAGAG
TCCCGATCACTGTGTA
TCCCGATCAGATGGCA
TCCCGATCAGGGTATG
TCCCGATCAGGTCGTC
TCCCGATGTGCGGTAA
TCCCGATGTTACCAGT
TCCCGATTCCTTCAAT
TCCCGATTCGCGCCAA
TCCCGATTCTTCTGGC
TCGAGGCAGGGCATGT
TCGAGGCAGTCAAGCG
TCGAGGCCAAGCGTAG
TCGAGGCCAGGTCCAC
TCGAGGCGTACAGTGG
TCGAGGCGTGTGCCTG
TCGCGAGAGGTGTGGT
TCGCGAGCATCAGTCA
TCGCGAGGTCATATGC
TCGCGAGGTGTCGCTG
TCGCGAGTCAGTTAGC
TCGCGAGTCCGAAGAG
TCGCGTTAGAAGATTC
TCGCGTTAGAGCTGGT
TCGCGTTAGATACACA
TCGCGTTAGATGTGGC
TCGCGTTAGGTGCTTT
TCGCGTTAGTGCGATG
TCGCGTTCACAGACAG
TCGCGTTTCGGGAGTA
TCGGGACAGACCCACC
TCGGGACAGACGACGT
TCGGGACGTCTGGTCG
TCGGTAAAGTATGACA
TCGGTAACAAGTTAAG
TCGGTAATCTCGAGTA
TCGTACCCATCAGTCA
TCGTACCGTGTAATGA
TCGTACCTCCCAAGAT
TCGTACCTCGGCGCAT
TCGTACCTCTAACGGT
TCGTAGAAGCTGCCCA
TCGTAGACACAGAGGT
TCGTAGACATGGTAGG
TCGTAGAGTAAGTTCC
TCGTAGATCAAACGGG
TCGTAGATCTGTCTAT
TCTATTGAGGCAATTA
TCTATTGCACGGTGTC
TCTATTGGTCATGCAT
TCTATTGGTCTACCTC
TCTATTGGTTACGCGC
TCTATTGTCACTATTC
TCTCATAAGTCGCCGT
TCTCATACACGGATAG
TCTCTAAAGTTGTCGT
TCTCTAACAAGGTTCT
TCTCTAACAGAGTGTG
TCTCTAACAGCTCGCA
TCTCTAACATGCTAGT
TCTGAGAAGCTTTGGT
TCTGAGAAGGCCCTTG
TCTGAGACACCTTGTC
TCTGAGACAGAGTGTG
TCTGAGACATCCGGGT
TCTGAGACATTTGCCC
TCTGAGAGTCTAAAGA
TCTGAGAGTTTGTGTG
TCTGGAACAGTGAGTG
TCTGGAAGTAGGGTAC
TCTGGAAGTTCCACTC
TCTGGAATCAGCTTAG
TCTGGAATCATGTCCC
TCTGGAATCCTGCTTG
TCTTCGGCAAGCTGTT
TCTTCGGCACAGCCCA
TCTTCGGCACCGATAT
TCTTCGGCACGGTAGA
TCTTCGGCAGACGCCT
TCTTCGGGTGTGAAAT
TCTTCGGTCGTTGCCT
TCTTTCCAGATGCCTT
TCTTTCCCATTACGAC
TCTTTCCGTATAGGTA
TCTTTCCGTTTCGCTC
TCTTTCCTCCGTCAAA
TCTTTCCTCCTCCTAG
TCTTTCCTCGAGGTAG
TGAAAGACAAGGACTG
TGAAAGACATTAGGCT
TGAAAGATCCAGAGGA
TGACAACAGATCGATA
TGACAACAGGATGCGT
TGACAACTCAACACCA
TGACGGCAGCGCTTAT
TGACGGCAGGACCACA
TGACGGCAGGTGATAT
TGACGGCAGTAGGTGC
TGACGGCCAATGGAAT
TGACGGCCACCTTGTC
TGACGGCCATATGCTG
TGACGGCCATGTCTCC
TGACGGCTCAACGAAA
TGACTAGAGAGATGAG
TGACTAGAGGTGTGGT
TGACTAGGTCTTCTCG
TGACTAGGTGTCGCTG
TGACTAGTCCATGCTC
TGACTTTAGAGGTTAT
TGACTTTCAAGCTGAG
TGACTTTCACCCAGTG
TGACTTTTCCTTGGTC
TGAGAGGAGAATAGGG
TGAGAGGAGCGGATCA
TGAGAGGCAGCTCGCA
TGAGAGGGTATAGGGC
TGAGAGGTCTCTGCTG
TGAGCATAGCGTGTCC
TGAGCATTCGTTTATC
TGAGCCGAGGGAAACA
TGAGCCGCACGCGAAA
TGAGCCGGTTTAGGAA
TGAGCCGTCACAGTAC
TGAGGGAAGCAGGTCA
TGAGGGAAGCTAGGCA
TGAGGGAAGCTGATAA
TGAGGGACACGACGAA
TGATTTCAGGCGATAC
TGATTTCCAAATACAG
TGATTTCCAGGAATGC
TGATTTCGTCAAAGCG
TGATTTCGTCAGAATA
TGATTTCGTCATCCCT
TGATTTCGTCATTAGC
TGATTTCGTGACGCCT
TGATTTCGTTGGAGGT
TGATTTCGTTGTCGCG
TGATTTCTCAGCGACC
TGCACCTAGAGTCTGG
TGCACCTAGTTTCCTT
TGCACCTCACATCCAA
TGCACCTGTACTCTCC
TGCACCTTCACGATGT
TGCCAAAAGGGCATGT
TGCCAAACAACACCCG
TGCCAAACAAGTTGTC
TGCCAAATCAACGAAA
TGCCAAATCAGCGACC
TGCCAAATCCCACTTG
TGCCAAATCCGTTGCT
TGCCAAATCTCCAGGG
TGCCCATAGGAATGGA
TGCCCATAGTCCGTAT
TGCCCATGTAAATGTG
TGCCCATGTTGATTCG
TGCCCATTCAGTGCAT
TGCCCATTCTCAAACG
TGCCCTAAGCGATTCT
TGCCCTAAGGTGCTTT
TGCCCTAAGTGTTAGA
TGCCCTACACTGCCAG
TGCCCTACATTCACTT
TGCCCTAGTAGCGATG
TGCCCTAGTCTGGTCG
TGCCCTAGTCTTCAAG
TGCGCAGAGATCCTGT
TGCGCAGAGGCGCTCT
TGCGCAGCACCAGATT
TGCGCAGCAGCTCGCA
TGCGCAGCAGGTCCAC
TGCGCAGGTACTCGCG
TGCGCAGGTCTAGTGT
TGCGGGTAGAATAGGG
TGCGGGTAGGACACCA
TGCGGGTAGGCATTGG
TGCGGGTCACAAGTAA
TGCGGGTCACAGTCGC
TGCGGGTGTCAGAATA
TGCGGGTGTTCGAATC
TGCGGGTTCACAGGCC
TGCGGGTTCACGCATA
TGCGGGTTCGTCACGG
TGCGTGGAGACTAGGC
TGCGTGGAGTGACTCT
TGCGTGGCAACTTGAC
TGCGTGGCAAGCCGCT
TGCGTGGCACCAGGCT
TGCGTGGGTAACGACG
TGCTACCAGACGCACA
TGCTACCAGTCTCAAC
TGCTACCCAAAGCGGT
TGCTACCTCCAACCAA
TGCTACCTCTGCAAGT
TGCTGCTAGCGATAGC
TGCTGCTCAAGCCGCT
TGCTGCTCAATAACGA
TGCTGCTCAATGGACG
TGCTGCTCACAGTCGC
TGCTGCTCACCACCAG
TGCTGCTCATTCTCAT
TGCTGCTGTCAATACC
TGCTGCTTCACCGTAA
TGGACGCAGAATCTCC
TGGACGCAGCTGAACG
TGGACGCAGGAATGGA
TGGACGCGTAGCTTGT
TGGACGCTCAATCACG
TGGACGCTCAGCCTAA
TGGACGCTCAGCTTAG
TGGCCAGCATTAACCG
TGGCCAGGTATAGGGC
TGGCCAGGTGTGGCTC
TGGCCAGTCAATAAGG
TGGCCAGTCGGTTCGG
TGGCCAGTCTCTGAGA
TGGCGCAAGCACCGTC
TGGCGCAAGCCGGTAA
TGGCGCACACCGTTGG
TGGCGCACAGATTGCT
TGGCGCAGTTAGAACA
TGGCGCATCGGAAACG
TGGCTGGAGGATGGTC
TGGCTGGCAGTCCTTC
TGGCTGGGTGCACCAC
TGGCTGGTCTGCCCTA
TGGGAAGGTCATACTG
TGGGAAGGTGCTCTTC
TGGGAAGTCCACGCAG
TGGGAAGTCTACTCAT
TGGGCGTAGAAGATTC
TGGGCGTAGCCACCTG
TGGGCGTCACGGTTTA
TGGGCGTCACTCTGTC
TGGGCGTTCACGCGGT
TGGGCGTTCATGCTCC
TGGTTAGAGAAGATTC
TGGTTAGAGAGCCTAG
TGGTTAGAGTACGCGA
TGGTTAGAGTCTCGGC
TGGTTAGAGTTAACGA
TGGTTAGAGTTTCCTT
TGGTTAGCAAGCCCAC
TGGTTAGCACAGGAGT
TGGTTAGCAGCTGCTG
TGGTTAGGTACGCACC
TGGTTAGGTATTAGCC
TGGTTAGGTGAGGCTA
TGGTTAGGTTTGACAC
TGGTTAGTCACCAGGC
TGGTTCCCAATCGGTT
TGGTTCCCAATGTAAG
TGGTTCCCAGCCACCA
TGGTTCCGTAGTGAAT
TGGTTCCGTCCAACTA
TGGTTCCGTGCAGACA
TGGTTCCGTTATTCTC
TGGTTCCTCATCGGAT
TGTCCCAAGACTAGGC
TGTCCCAAGAGCCCAA
TGTCCCAAGGTGCACA
TGTCCCAAGGTGTTAA
TGTCCCAAGTCTCAAC
TGTCCCACAAGAAAGG
TGTCCCACAGTACACT
TGTCCCACATTACGAC
TGTCCCAGTCTAACGT
TGTCCCAGTCTGATTG
TGTCCCATCTGGTATG
TGTGGTAAGCCCAGCT
TGTGGTAAGCGCTCCA
TGTGGTAAGCTCCTTC
TGTGGTAAGGTGATTA
TGTGGTACACAGCCCA
TGTGGTACATCAGTAC
TGTGGTACATTGGTAC
TGTGGTAGTCTTGATG
TGTGGTAGTTCTCATT
TGTGTTTCATACGCCG
TGTGTTTGTAACGACG
TGTGTTTGTTATCACG
TGTGTTTGTTCTGAAC
TGTTCCGAGTACACCT
TGTTCCGAGTGACTCT
TGTTCCGCATGCATGT
TGTTCCGCATTATCTC
TGTTCCGGTAAGGGCT
TGTTCCGGTTTGCATG
TTAACTCAGAATGTTG
TTAACTCAGTCACGCC
TTAACTCCACCTGGTG
TTAACTCCAGTATCTG
TTAACTCCATTCTTAC
TTAACTCGTCAGAGGT
TTAACTCTCCTATTCA
TTAACTCTCTTCGGTC
TTAGGACAGGAACTGC
TTAGGACAGTGTGAAT
TTAGGACCATCACCCT
TTAGGACTCTGCCCTA
TTAGGACTCTTGGGTA
TTAGGCAAGAAACCGC
TTAGGCAAGAAGGTGA
TTAGGCAAGCCAACAG
TTAGGCAAGTCGATAA
TTAGGCAAGTGTCCCG
TTAGGCACAGGTGCCT
TTAGGCAGTCCTAGCG
TTAGGCAGTCTGCAAT
TTAGGCAGTGGTAACG
TTAGGCAGTTATCACG
TTAGGCAGTTCAGACT
TTAGGCATCAGGCGAA
TTAGGCATCTACCTGC
TTAGTTCAGGAATTAC
TTAGTTCAGGGCACTA
TTATGCTAGGTAGCCA
TTATGCTCACTGTTAG
TTATGCTCAGTAGAGC
TTATGCTCAGTTCATG
TTATGCTCATCAGTAC
TTATGCTCATGAGCGA
TTATGCTCATTACCTT
TTATGCTTCACCGTAA
TTATGCTTCCGCAAGC
TTCCCAGAGATATGGT
TTCCCAGAGGCGACAT
TTCCCAGGTCATGCAT
TTCCCAGGTGAGGGAG
TTCCCAGGTTATCACG
TTCCCAGTCAGGATCT
TTCCCAGTCGAGAGCA
TTCCCAGTCTCTTGAT
TTCCCAGTCTTCCTTC
TTCCCAGTCTTTACAC
TTCGAAGAGTGAACGC
TTCGAAGCACGGACAA
TTCGAAGCATAACCTG
TTCGAAGGTAAGTGTA
TTCGAAGGTGCCTGTG
TTCGAAGGTTCCAACA
TTCGAAGTCCCAAGAT
TTCGGTCAGACGCACA
TTCGGTCAGAGTCGGT
TTCGGTCAGCTGAACG
TTCGGTCAGTCATGCT
TTCGGTCCAAGCGTAG
TTCGGTCCAAGTTCTG
TTCGGTCGTAACGTTC
TTCGGTCGTCATTAGC
TTCGGTCGTTACGACT
TTCGGTCGTTGTGGAG
TTCGGTCGTTTCCACC
TTCGGTCTCACTCCTG
TTCTACAAGACTACAA
TTCTACAAGAGCTTCT
TTCTACAAGGAACTGC
TTCTACACAATAGCAA
TTCTACACAGCCACCA
TTCTACAGTCTAGTGT
TTCTCAACAGTGAGTG
TTCTCAAGTCTTCGTC
TTCTCAAGTTGTACAC
TTCTCAATCGGCCGAT
TTCTCCTCAAGCGAGT
TTCTCCTCACGGTAGA
TTCTCCTCAGTATGCT
TTCTCCTTCGTAGGAG
TTCTTAGAGAGTTGGC
TTCTTAGGTAGCGTAG
TTCTTAGGTCCCTACT
TTCTTAGGTGATAAAC
TTCTTAGTCTTGCAAG
TTGAACGAGAGCTTCT
TTGAACGAGGATGGTC
TTGAACGCAAGAAAGG
TTGAACGGTTAAGTAG
TTGAACGGTTCAGCGC
TTGAACGTCCGAAGAG
TTGAACGTCGAACTGT
TTGAACGTCTGCAAGT
TTGAACGTCTTTAGTC
TTGACTTAGGCCGAAT
TTGACTTAGTATTGGA
TTGACTTCATATGGTC
TTGACTTCATTAGCCA
TTGACTTGTTAGAACA
TTGACTTTCGGAAACG
TTGACTTTCGGCATCG
TTGACTTTCGGCTACG
TTGCCGTAGACTCGGA
TTGCCGTAGCGATAGC
TTGCCGTCAGATGGCA
TTGCCGTCAGGACCCT
TTGCCGTCATCACAAC
TTGCCGTCATGAGCGA
TTGCCGTGTTGATTCG
TTGCCGTTCTTGCATT
TTGCCGTTCTTTAGTC
TTGCGTCCAGCTGTGC
TTGCGTCCATCATCCC
TTGCGTCCATCTATGG
TTGCGTCGTCCTCTTG
TTGCGTCTCCAAGCCG
TTGCGTCTCCTTCAAT
TTGCGTCTCTGCCCTA
TTGGAACCAACACCCG
TTGGAACCATCGGAAG
TTGGAACGTGAACCTT
TTGGAACTCAACTCTT
TTGGAACTCAATACCG
TTGGCAAAGAAACCGC
TTGGCAAAGAATAGGG
TTGGCAACACCATCCT
TTGGCAACAGGATTGG
TTGGCAATCCGAAGAG
TTGGCAATCTGGTGTA
TTGTAGGAGTGACTCT
TTGTAGGAGTGTTTGC
TTGTAGGGTGACCAAG
TTTACTGCAAACCCAT
TTTACTGCATTGTGCA
TTTACTGGTGTGTGCC
TTTACTGTCAGGCCCA
TTTATGCAGATCTGCT
TTTATGCAGCAGACTG
TTTATGCCACGAAACG
TTTATGCCATTCTCAT
TTTATGCGTAGCTCCG
TTTATGCGTCAGATAA
TTTATGCGTCTTGTCC
TTTATGCTCTGCGACG
TTTCCTCAGGATCGCA
TTTCCTCCACGACGAA
TTTCCTCCATCCCACT
TTTCCTCCATGCCCGA
TTTCCTCGTCATTAGC
TTTGCGCAGTGAATTG
TTTGCGCCAAGCGCTC
TTTGCGCCATGGAATA
TTTGCGCCATTGCGGC
TTTGCGCGTCTCCCTA
TTTGCGCTCATCACCC
TTTGCGCTCCTTGGTC
TTTGCGCTCTTTAGGG
TTTGGTTAGACAATAC
TTTGGTTAGACCTTTG
TTTGGTTAGATGGGTC
TTTGGTTAGCACCGCT
TTTGGTTCAGCCAGAA
TTTGGTTCAGCTGCTG
TTTGGTTGTCATTAGC
TTTGGTTTCGCACTCT
TTTGGTTTCGGATGTT
TTTGTCAAGCCAGAAC
TTTGTCACAATGGACG
TTTGTCACAATGGATA
TTTGTCACATTGGGCC
TTTGTCAGTAGGCATG
TTTGTCAGTCAAAGCG
TTTGTCAGTGAACCTT
TTTGTCAGTGTCAATC
TTTGTCAGTTAAGAAC
TTTGTCATCCCAACGG
TTTGTCATCTACTATC
